
============================================================
📂 Processing unterkuenfte
============================================================
  914 entries need <5 sentences (of 1111 total)

  Batch 1/305: Alpendorf Eberharter(Stumm), Alpenflora(Ischgl), Alpenfrieden()
    ✅ Alpendorf Eberharter: 5 Sätze
    ✅ Alpenflora: 6 Sätze
    ✅ Alpenfrieden: 6 Sätze

  Batch 2/305: Alpengasthof Gruberhof(Söll), Alpengasthof Grüner(), Alpengasthof Lüsens()
    ✅ Alpengasthof Gruberhof: 6 Sätze
    ✅ Alpengasthof Grüner: 6 Sätze
    ✅ Alpengasthof Lüsens: 7 Sätze

  Batch 3/305: Alpengasthof Schneeberg(Thiersee), Alpenhof(Tux), Alpenhof Hubertus(Hochpillberg;Pill)
    ✅ Alpengasthof Schneeberg: 6 Sätze
    ✅ Alpenhof: 6 Sätze
    ✅ Alpenhof Hubertus: 7 Sätze

  Batch 4/305: Alpenhotel Ernberg(Breitenwang), Alpenhotel Kramerwirt(), Alpenhotel Weitlanbrunn()
    ✅ Alpenhotel Ernberg: 6 Sätze
    ✅ Alpenhotel Kramerwirt: 6 Sätze
    ✅ Alpenhotel Weitlanbrunn: 6 Sätze

  Batch 5/305: Alpenresort Schwarz(Mieming), Alpenrose(), Alpenrose Hotel Garni(Gerlos)
    ✅ Alpenresort Schwarz: 7 Sätze
    ✅ Alpenrose: 5 Sätze
    ✅ Alpenrose Hotel Garni: 7 Sätze

  Batch 6/305: Alpenschlössl(Neustift im Stubaital), Alpinhotel Lizumer Bergheim(), Alplig(Ischgl)
    ✅ Alpenschlössl: 6 Sätze
    ✅ Alpinhotel Lizumer Bergheim: 6 Sätze
    ✅ Alplig: 6 Sätze

  Batch 7/305: Alte Mühle(), Alte Post(Fieberbrunn), Alte Post(Gries am Brenner)
    ✅ Alte Mühle: 6 Sätze
    ✅ Alte Post: 6 Sätze
    ✅ Alte Post: 6 Sätze

  Batch 8/305: Alte Post(), Altmühl(), Altstadt Genusshotel Auracher Löchl(Kufstein)
    ✅ Alte Post: 7 Sätze
    ✅ Altmühl: 7 Sätze
    ✅ Altstadt Genusshotel Auracher Löchl: 8 Sätze

  Batch 9/305: Altstadthotel Weisses Kreuz(Innsbruck), Altwirt(Kematen in Tirol), Am Haus zur Mühle()
    ✅ Altstadthotel Weisses Kreuz: 6 Sätze
    ✅ Altwirt: 7 Sätze
    ✅ Am Haus zur Mühle: 7 Sätze

  Batch 10/305: Andreas Hofer(Kufstein), Annas Garten(), Antepia Restaurant und Hotel(Kufstein)
    ✅ Andreas Hofer: 7 Sätze
    ✅ Annas Garten: 7 Sätze
    ✅ Antepia Restaurant und Hotel: 7 Sätze

  Batch 11/305: Anton(St. Anton am Arlberg), Apart Burgblick(Ladis), Apart Chamins()
    ✅ Anton: 8 Sätze
    ✅ Apart Burgblick: 6 Sätze
    ✅ Apart Chamins: 6 Sätze

  Batch 12/305: Apart Ebene(Ischgl), Apart Florida, Fam. Tschallener(), Apart Garni Bergkristall()
    ✅ Apart Ebene: 7 Sätze
    ✅ Apart Florida, Fam. Tschallener: 7 Sätze
    ✅ Apart Garni Bergkristall: 7 Sätze

  Batch 13/305: Apart Isabelle(Ischgl), Apart Mare(Sölden), Apart Rubin()
    ✅ Apart Isabelle: 6 Sätze
    ✅ Apart Mare: 7 Sätze
    ✅ Apart Rubin: 7 Sätze

  Batch 14/305: Apart Simon Seefeld(Seefeld in Tirol), Apart Sonja Mayrhofen(Mayrhofen), Apartametul afit(Lienz)
    ✅ Apart Simon Seefeld: 6 Sätze
    ✅ Apart Sonja Mayrhofen: 6 Sätze
    ✅ Apartametul afit: 8 Sätze

  Batch 15/305: Apartbauernhof Valrunzhof(), Apartement Tiroler Haus(), Aparthotel Andreas Hofer(Kufstein)
    ✅ Apartbauernhof Valrunzhof: 7 Sätze
    ✅ Apartement Tiroler Haus: 7 Sätze
    ✅ Aparthotel Andreas Hofer: 8 Sätze

  Batch 16/305: Aparthotel Bergland(Söll), Aparthotel Buchauer.Tirol(Thiersee), Aparthotel Schindlhaus()
    ✅ Aparthotel Bergland: 8 Sätze
    ✅ Aparthotel Buchauer.Tirol: 8 Sätze
    ✅ Aparthotel Schindlhaus: 8 Sätze

  Batch 17/305: Aparthotel Sonnleitn(), Apartmenets Goldberger(Söll), Apartment Laura Lorenz(Galtür)
    ✅ Aparthotel Sonnleitn: 7 Sätze
    ✅ Apartmenets Goldberger: 8 Sätze
    ✅ Apartment Laura Lorenz: 8 Sätze

  Batch 18/305: Apartment Sonnbichl(Söll), Apartmenthaus Marina(), Apartments Stubai()
    ✅ Apartment Sonnbichl: 7 Sätze
    ✅ Apartmenthaus Marina: 7 Sätze
    ✅ Apartments Stubai: 7 Sätze

  Batch 19/305: Appartement Ederegger(Ebbs), Appartement Geisshornblick(Tannheim), Appartement Schöpf(Sölden)
    ✅ Appartement Ederegger: 7 Sätze
    ✅ Appartement Geisshornblick: 6 Sätze
    ✅ Appartement Schöpf: 6 Sätze

  Batch 20/305: Appartement Seeberger(Strengen), Appartementhaus Wildauer(Ebbs), Appartements Alpenkristall(Söll)
    ✅ Appartement Seeberger: 7 Sätze
    ✅ Appartementhaus Wildauer: 8 Sätze
    ✅ Appartements Alpenkristall: 8 Sätze

  Batch 21/305: Appartements Obwaller(Söll), Appartment Kalkus(), Appartment Oberberg()
    ✅ Appartements Obwaller: 7 Sätze
    ✅ Appartment Kalkus: 6 Sätze
    ✅ Appartment Oberberg: 8 Sätze

  Batch 22/305: Appartments Panorama(), Area 47 Lodges(), Arlberghöhe(Sankt Anton am Arlberg)
    ✅ Appartments Panorama: 7 Sätze
    ✅ Area 47 Lodges: 7 Sätze
    ✅ Arlberghöhe: 7 Sätze

  Batch 23/305: Ausfernerland Ferienwohnungen(Bach), B&B Hotel zur Schanz(Ebbs), b(l)ackhome Boutique()
    ✅ Ausfernerland Ferienwohnungen: 6 Sätze
    ✅ B&B Hotel zur Schanz: 7 Sätze
    ✅ b(l)ackhome Boutique: 6 Sätze

  Batch 24/305: Badhaus(Söll), Bairlasshof(), Bärnstatt(Scheffau am Wilden Kaiser)
    ✅ Badhaus: 7 Sätze
    ✅ Bairlasshof: 7 Sätze
    ✅ Bärnstatt: 7 Sätze

  Batch 25/305: Basic Hotel(Innsbruck), Bauernhof Angererhof(Bad Häring), Bauernhof Bichlhof(Ebbs)
    ✅ Basic Hotel: 7 Sätze
    ✅ Bauernhof Angererhof: 7 Sätze
    ✅ Bauernhof Bichlhof: 7 Sätze

  Batch 26/305: Bauernhof Dallnhof(Bad Häring), Bauernhof-Ferienwohnung Bichlhof(Thiersee), Bauernhof-Ferienwohnung Endfeldhof(Erl)
    ✅ Bauernhof Dallnhof: 6 Sätze
    ✅ Bauernhof-Ferienwohnung Bichlhof: 6 Sätze
    ✅ Bauernhof-Ferienwohnung Endfeldhof: 6 Sätze

  Batch 27/305: Bauernhof-Ferienwohnung Grasweberhof(Ebbs), Bauernhof-Ferienwohnung Hecherhof(Thiersee), Bauernhof-Ferienwohnung Hörfinghof(Kufstein)
    ✅ Bauernhof-Ferienwohnung Grasweberhof: 6 Sätze
    ✅ Bauernhof-Ferienwohnung Hecherhof: 7 Sätze
    ✅ Bauernhof-Ferienwohnung Hörfinghof: 7 Sätze

  Batch 28/305: Bauernhof-Ferienwohnung Mayrhof(Thiersee), Bauernhof-Ferienwohnung Schiestlhof(Thiersee), Bauernhof-Ferienwohnung Schwoicher Bauer(Kufstein)
    ✅ Bauernhof-Ferienwohnung Mayrhof: 7 Sätze
    ✅ Bauernhof-Ferienwohnung Schiestlhof: 7 Sätze
    ✅ Bauernhof-Ferienwohnung Schwoicher Bauer: 7 Sätze

  Batch 29/305: Bauernhof-Ferienwohnung Ster-Hof(Kufstein), Bauernhof-Ferienwohung Auerhof(Ebbs), Bauernhof-Ferienwohung Grafenhof(Ebbs)
    ✅ Bauernhof-Ferienwohnung Ster-Hof: 7 Sätze
    ✅ Bauernhof-Ferienwohung Auerhof: 8 Sätze
    ✅ Bauernhof-Ferienwohung Grafenhof: 7 Sätze

  Batch 30/305: Bauernhof-Ferienwohung Kaissenhof(Ebbs), Bauernhof-Ferienwohung Malerhäuslhof(Ebbs), Bauernhof-Ferienwohung Neuschwendterhof(Ebbs)
    ✅ Bauernhof-Ferienwohung Kaissenhof: 8 Sätze
    ✅ Bauernhof-Ferienwohung Malerhäuslhof: 8 Sätze
    ✅ Bauernhof-Ferienwohung Neuschwendterhof: 8 Sätze

  Batch 31/305: Bauernhof-Ferienwohung Plafing(Ebbs), Bauernhof-Ferienwohung Riesböckhof(Ebbs), Bauernhof Friedl(Pfafflar)
    ✅ Bauernhof-Ferienwohung Plafing: 7 Sätze
    ✅ Bauernhof-Ferienwohung Riesböckhof: 7 Sätze
    ✅ Bauernhof Friedl: 7 Sätze

  Batch 32/305: Bauernhof Haslingerhof(Ebbs), Bauernhof Hauserhof(Ebbs), Bauernhof Huberbauer & Ferienwohung Kaiserblick(Ebbs)
    ✅ Bauernhof Haslingerhof: 7 Sätze
    ✅ Bauernhof Hauserhof: 7 Sätze
    ✅ Bauernhof Huberbauer & Ferienwohung Kaiserblick: 8 Sätze

  Batch 33/305: Bauernhof Klampererhof(Bad Häring), Bauernhof Kleinwolfingerhof(Ebbs), Bauernhof Lechnerbauer(Ebbs)
    ✅ Bauernhof Klampererhof: 8 Sätze
    ✅ Bauernhof Kleinwolfingerhof: 8 Sätze
    ✅ Bauernhof Lechnerbauer: 8 Sätze

  Batch 34/305: Bauernhof Lieferthof(Bad Häring), Bauernhof Madlerbauer(Ebbs), Bauernhof Maisfeld(Schwoich)
    ✅ Bauernhof Lieferthof: 8 Sätze
    ✅ Bauernhof Madlerbauer: 8 Sätze
    ✅ Bauernhof Maisfeld: 8 Sätze

  Batch 35/305: Bauernhof Pixerhof(Bad Häring), Bauernhof Stöckl(Kufstein), Bauernhof Untergrilling(Ebbs)
    ✅ Bauernhof Pixerhof: 6 Sätze
    ✅ Bauernhof Stöckl: 6 Sätze
    ✅ Bauernhof Untergrilling: 6 Sätze

  Batch 36/305: Bauernhof Wimmerhof(Ebbs), Bauernhof Winklerhof(Ebbs), Beim Dresch(Erl)
    ✅ Bauernhof Wimmerhof: 6 Sätze
    ✅ Bauernhof Winklerhof: 6 Sätze
    ✅ Beim Dresch: 6 Sätze

  Batch 37/305: Bellevue(Neustift im Stubaital), Bellevue(), Bellevue(Nauders)
    ✅ Bellevue: 5 Sätze
    ✅ Bellevue: 5 Sätze
    ✅ Bellevue: 5 Sätze

  Batch 38/305: Belmonte Tirol(Sillian), Berggasthaus Hermine(Zams), Berggasthaus Stimmlach(Westendorf)
    ✅ Belmonte Tirol: 6 Sätze
    ✅ Berggasthaus Hermine: 6 Sätze
    ✅ Berggasthaus Stimmlach: 7 Sätze

  Batch 39/305: Berggasthof Bavaria(), Berggasthof Hinterduxerhof(Kufstein), Berggasthof Kölnberg(Ebbs)
    ✅ Berggasthof Bavaria: 7 Sätze
    ✅ Berggasthof Hinterduxerhof: 7 Sätze
    ✅ Berggasthof Kölnberg: 7 Sätze

  Batch 40/305: Berggasthof Moosbauer(Erl), Bergheimat(Pfafflar), Berghof(Neustift im Stubaital)
    ✅ Berggasthof Moosbauer: 6 Sätze
    ✅ Bergheimat: 7 Sätze
    ✅ Berghof: 8 Sätze

  Batch 41/305: Berghotel Bodenalpe(), Bergjuwel(Neustift im Stubaital), Bergland()
    ✅ Berghotel Bodenalpe: 6 Sätze
    ✅ Bergjuwel: 7 Sätze
    ✅ Bergland: 7 Sätze

  Batch 42/305: Bergland(Ellmau), Bernauerhof(), Berndlerhof(Langkampfen)
    ✅ Bergland: 7 Sätze
    ✅ Bernauerhof: 7 Sätze
    ✅ Berndlerhof: 7 Sätze

  Batch 43/305: Best Western Plus Hotel Alpenrose(Kufstein), Bilgeri Camping(), Bilgeri Irma(Nesselwängle)
    ✅ Best Western Plus Hotel Alpenrose: 7 Sätze
    ✅ Bilgeri Camping: 7 Sätze
    ✅ Bilgeri Irma: 6 Sätze

  Batch 44/305: Bio Landhaus Seethaler(Thiersee), Biwak(), Biwakplatz()
    ✅ Bio Landhaus Seethaler: 8 Sätze
    ✅ Biwak: 8 Sätze
    ✅ Biwakplatz: 8 Sätze

  Batch 45/305: Blattlbauer(Going am Wilden Kaiser), Bocking(), Breitenhof(Thiersee)
    ✅ Blattlbauer: 7 Sätze
    ✅ Bocking: 7 Sätze
    ✅ Breitenhof: 8 Sätze

  Batch 46/305: Bretterhof(), Brückenwirt Appartements(Heinfels), Bruggerhof(Kitzbühel)
    ✅ Bretterhof: 6 Sätze
    ✅ Brückenwirt Appartements: 6 Sätze
    ✅ Bruggerhof: 6 Sätze

  Batch 47/305: Brunnenhof(Neustift im Stubaital), Burghotel Alpenglühn(Obergurgl), C+M+B Glaubenshotel()
    ✅ Brunnenhof: 7 Sätze
    ✅ Burghotel Alpenglühn: 7 Sätze
    ✅ C+M+B Glaubenshotel: 7 Sätze

  Batch 48/305: Cafe Bettina(Ellmau), Café Pension Marliesenhof(), Cafe Ritterhof(Ellmau)
    ❌ Cafe Bettina: Leer/zu kurz
    ❌ Café Pension Marliesenhof: Leer/zu kurz
    ❌ Cafe Ritterhof: Leer/zu kurz

  Batch 49/305: Café Treff(Scheffau am Wilden Kaiser), Camping am Badsee(Isny im Allgäu), Camping am Moserhof(Samerberg)
    ✅ Café Treff: 6 Sätze
    ✅ Camping am Badsee: 6 Sätze
    ✅ Camping am Moserhof: 6 Sätze

  Batch 50/305: Camping am See International(Buxheim), Camping Ambach am See(), Camping Austria()
    ✅ Camping am See International: 7 Sätze
    ✅ Camping Ambach am See: 7 Sätze
    ✅ Camping Austria: 7 Sätze

  Batch 51/305: Camping beim Fischer(Münsing), Camping Bergkristall(Prägraten), Camping Biberhof(Biberwier)
    ✅ Camping beim Fischer: 7 Sätze
    ✅ Camping Bergkristall: 7 Sätze
    ✅ Camping Biberhof: 7 Sätze

  Batch 52/305: Camping Brugger am Riegsee(Murnau am Staffelsee), Camping Dreiländereck(Ried im Oberinntal), Camping Edelweiss(Neustift im Stubaital)
    ✅ Camping Brugger am Riegsee: 7 Sätze
    ✅ Camping Dreiländereck: 7 Sätze
    ✅ Camping Edelweiss: 5 Sätze

  Batch 53/305: Camping Erlebnis Zugspitze(Garmisch-Partenkirchen), Camping "Ferienpark Hainz am See"(Petting), Camping Franzlhof(Söll)
    ✅ Camping Erlebnis Zugspitze: 6 Sätze
    ✅ Camping "Ferienpark Hainz am See": 6 Sätze
    ✅ Camping Franzlhof: 6 Sätze

  Batch 54/305: Camping Grubhof(St. Martin bei Lofer), Camping Guggemos(Füssen), Camping Heiterwanger See Fischer am See(Heiterwang)
    ✅ Camping Grubhof: 6 Sätze
    ✅ Camping Guggemos: 6 Sätze
    ✅ Camping Heiterwanger See Fischer am See: 6 Sätze

  Batch 55/305: Camping Hochzillertal(Kaltenbach), Camping Hopfensee(Füssen), Camping Inntal(Wiesing)
    ✅ Camping Hochzillertal: 5 Sätze
    ✅ Camping Hopfensee: 6 Sätze
    ✅ Camping Inntal: 5 Sätze

  Batch 56/305: Camping Insel Buchau am Staffelsee(), Camping Jochum(), Camping Jungholz(Jungholz)
    ✅ Camping Insel Buchau am Staffelsee: 7 Sätze
    ✅ Camping Jochum: 7 Sätze
    ✅ Camping Jungholz: 7 Sätze

  Batch 57/305: Camping Lermoos(Lermoos), Camping Lindlbauer(Inzell), Camping Maria()
    ✅ Camping Lermoos: 7 Sätze
    ✅ Camping Lindlbauer: 8 Sätze
    ✅ Camping Maria: 7 Sätze

  Batch 58/305: Camping Maurerhäusl(Hochfilzen), Camping Mayrhofen(Mayrhofen), Camping Moorbad Riedle()
    ✅ Camping Maurerhäusl: 7 Sätze
    ✅ Camping Mayrhofen: 6 Sätze
    ✅ Camping Moorbad Riedle: 7 Sätze

  Batch 59/305: Camping Mühlleiten(Schönau am Königssee), Camping Natterersee(Natters), Camping Naturweiher Moorbad()
    ✅ Camping Mühlleiten: 6 Sätze
    ✅ Camping Natterersee: 6 Sätze
    ✅ Camping Naturweiher Moorbad: 5 Sätze

  Batch 60/305: Camping Oberstdorf(Oberstdorf), Camping Ottobeuren(Ottobeuren), Camping Ötztal Längenfeld(Längenfeld)
    ✅ Camping Oberstdorf: 7 Sätze
    ✅ Camping Ottobeuren: 7 Sätze
    ✅ Camping Ötztal Längenfeld: 7 Sätze

  Batch 61/305: Camping Resort Zugspitze(), Camping Rossbach(Nassereith), Camping Schlossberg Itter(Itter)
