[17:55:47] === 276 Gemeinden ===
[17:55:47] Bereits: 0/276
[17:55:47] Noch: 276
[17:55:47] Starte FLUX.2-pro (3 parallel)...
[17:55:54]   ❌ [1/276] imst_arzl_im_pitztal: HTTP 403
[17:55:54]   ❌ [2/276] imst_haiming: HTTP 403
[17:55:54]   ❌ [3/276] imst_imst: HTTP 403
[17:56:00]   ❌ [4/276] imst_imsterberg: HTTP 403
[17:56:01]   ❌ [5/276] imst_karres: HTTP 403
[17:56:01]   ❌ [6/276] imst_jerzens: HTTP 403
[17:56:06]   ❌ [7/276] imst_karroesten: HTTP 403
[17:56:07]   ❌ [8/276] imst_laengenfeld: HTTP 403
[17:56:08]   ❌ [9/276] imst_mieming: HTTP 403
[17:56:13]   ❌ [10/276] imst_mils_bei_imst: HTTP 403
[17:56:14]   ❌ [11/276] imst_moetz: HTTP 403
[17:56:14]   ❌ [12/276] imst_nassereith: HTTP 403
[17:56:20]   ❌ [13/276] imst_obsteig: HTTP 403
[17:56:21]   ❌ [14/276] imst_rietz: HTTP 403
[17:56:21]   ❌ [15/276] imst_oetz: HTTP 403
[17:56:26]   ❌ [16/276] imst_roppen: HTTP 403
[17:56:28]   ❌ [17/276] imst_st_leonhard_im_pitztal: HTTP 403
[17:56:28]   ❌ [18/276] imst_sautens: HTTP 403
[17:56:33]   ❌ [19/276] imst_silz: HTTP 403
[17:56:35]   ❌ [20/276] imst_soelden: HTTP 403
[17:56:35]   ❌ [21/276] imst_stams: HTTP 403
[17:56:39]   ❌ [22/276] imst_tarrenz: HTTP 403
[17:56:41]   ❌ [23/276] imst_umhausen: HTTP 403
[17:56:42]   ❌ [24/276] imst_wenns: HTTP 403
[17:56:46]   ❌ [25/276] innsbruck_stadt_innsbruck: HTTP 403
[17:56:49]   ❌ [26/276] innsbruck-land_absam: HTTP 403
[17:56:49]   ❌ [27/276] innsbruck-land_aldrans: HTTP 403
[17:56:52]   ❌ [28/276] innsbruck-land_ampass: HTTP 403
[17:56:55]   ❌ [29/276] innsbruck-land_axams: HTTP 403
[17:56:55]   ❌ [30/276] innsbruck-land_baumkirchen: HTTP 403
[17:56:59]   ❌ [31/276] innsbruck-land_birgitz: HTTP 403
[17:57:02]   ❌ [32/276] innsbruck-land_ellboegen: HTTP 403
[17:57:03]   ❌ [33/276] innsbruck-land_flaurling: HTTP 403
[17:57:06]   ❌ [34/276] innsbruck-land_fritzens: HTTP 403
[17:57:09]   ❌ [35/276] innsbruck-land_fulpmes: HTTP 403
[17:57:09]   ❌ [36/276] innsbruck-land_gnadenwald: HTTP 403
[17:57:13]   ❌ [37/276] innsbruck-land_goetzens: HTTP 403
[17:57:15]   ❌ [38/276] innsbruck-land_gries_am_brenner: HTTP 403
[17:57:16]   ❌ [39/276] innsbruck-land_gries_im_sellrain: HTTP 403
[17:57:20]   ❌ [40/276] innsbruck-land_grinzens: HTTP 403
[17:57:22]   ❌ [41/276] innsbruck-land_gschnitz: HTTP 403
[17:57:23]   ❌ [42/276] innsbruck-land_hall_in_tirol: HTTP 403
[17:57:27]   ❌ [43/276] innsbruck-land_hatting: HTTP 403
[17:57:28]   ❌ [44/276] innsbruck-land_inzing: HTTP 403
[17:57:29]   ❌ [45/276] innsbruck-land_kematen_in_tirol: HTTP 403
[17:57:33]   ❌ [46/276] innsbruck-land_kolsass: HTTP 403
[17:57:35]   ❌ [47/276] innsbruck-land_kolsassberg: HTTP 403
[17:57:36]   ❌ [48/276] innsbruck-land_lans: HTTP 403
[17:57:40]   ❌ [49/276] innsbruck-land_leutasch: HTTP 403
[17:57:42]   ❌ [50/276] innsbruck-land_matrei_am_brenner: HTTP 403
[17:57:43]   ❌ [51/276] innsbruck-land_mieders: HTTP 403
[17:57:46]   ❌ [52/276] innsbruck-land_mils: HTTP 403
[17:57:49]   ❌ [53/276] innsbruck-land_mutters: HTTP 403
[17:57:49]   ❌ [54/276] innsbruck-land_natters: HTTP 403
[17:57:53]   ❌ [55/276] innsbruck-land_navis: HTTP 403
[17:57:55]   ❌ [56/276] innsbruck-land_neustift_im_stubaital: HTTP 403
[17:57:55]   ❌ [57/276] innsbruck-land_oberhofen_im_inntal: HTTP 403
[17:58:00]   ❌ [58/276] innsbruck-land_obernberg_am_brenner: HTTP 403
[17:58:02]   ❌ [59/276] innsbruck-land_patsch: HTTP 403
[17:58:02]   ❌ [60/276] innsbruck-land_oberperfuss: HTTP 403
[17:58:07]   ❌ [61/276] innsbruck-land_pettnau: HTTP 403
[17:58:09]   ❌ [62/276] innsbruck-land_pfaffenhofen: HTTP 403
[17:58:09]   ❌ [63/276] innsbruck-land_polling_in_tirol: HTTP 403
[17:58:14]   ❌ [64/276] innsbruck-land_ranggen: HTTP 403
[17:58:15]   ❌ [65/276] innsbruck-land_reith_bei_seefeld: HTTP 403
[17:58:16]   ❌ [66/276] innsbruck-land_rinn: HTTP 403
[17:58:20]   ❌ [67/276] innsbruck-land_rum: HTTP 403
[17:58:22]   ❌ [68/276] innsbruck-land_st_sigmund_im_sellrain: HTTP 403
[17:58:22]   ❌ [69/276] innsbruck-land_scharnitz: HTTP 403
[17:58:27]   ❌ [70/276] innsbruck-land_schmirn: HTTP 403
[17:58:28]   ❌ [71/276] innsbruck-land_schoenberg_im_stubaital: HTTP 403
[17:58:29]   ❌ [72/276] innsbruck-land_seefeld_in_tirol: HTTP 403
[17:58:33]   ❌ [73/276] innsbruck-land_sellrain: HTTP 403
[17:58:35]   ❌ [74/276] innsbruck-land_sistrans: HTTP 403
[17:58:36]   ❌ [75/276] innsbruck-land_steinach_am_brenner: HTTP 403
[17:58:40]   ❌ [76/276] innsbruck-land_telfes_im_stubai: HTTP 403
[17:58:42]   ❌ [77/276] innsbruck-land_telfs: HTTP 403
[17:58:43]   ❌ [78/276] innsbruck-land_thaur: HTTP 403
[17:58:46]   ❌ [79/276] innsbruck-land_trins: HTTP 403
[17:58:48]   ❌ [80/276] innsbruck-land_tulfes: HTTP 403
[17:58:49]   ❌ [81/276] innsbruck-land_unterperfuss: HTTP 403
[17:58:52]   ❌ [82/276] innsbruck-land_vals: HTTP 403
[17:58:55]   ❌ [83/276] innsbruck-land_voels: HTTP 403
[17:58:56]   ❌ [84/276] innsbruck-land_volders: HTTP 403
[17:58:59]   ❌ [85/276] innsbruck-land_wattenberg: HTTP 403
[17:59:01]   ❌ [86/276] innsbruck-land_wattens: HTTP 403
[17:59:03]   ❌ [87/276] innsbruck-land_wildermieming: HTTP 403
[17:59:06]   ❌ [88/276] innsbruck-land_zirl: HTTP 403
[17:59:08]   ❌ [89/276] kitzbuehel_aurach_bei_kitzbuehel: HTTP 403
[17:59:09]   ❌ [90/276] kitzbuehel_brixen_im_thale: HTTP 403
[17:59:13]   ❌ [91/276] kitzbuehel_fieberbrunn: HTTP 403
[17:59:15]   ❌ [92/276] kitzbuehel_going_am_wilden_kaiser: HTTP 403
[17:59:16]   ❌ [93/276] kitzbuehel_hochfilzen: HTTP 403
[17:59:20]   ❌ [94/276] kitzbuehel_hopfgarten_im_brixental: HTTP 403
[17:59:22]   ❌ [95/276] kitzbuehel_itter: HTTP 403
[17:59:22]   ❌ [96/276] kitzbuehel_jochberg: HTTP 403
[17:59:27]   ❌ [97/276] kitzbuehel_kirchberg_in_tirol: HTTP 403
[17:59:29]   ❌ [98/276] kitzbuehel_kirchdorf_in_tirol: HTTP 403
[17:59:29]   ❌ [99/276] kitzbuehel_kitzbuehel: HTTP 403
[17:59:33]   ❌ [100/276] kitzbuehel_koessen: HTTP 403
[17:59:35]   ❌ [101/276] kitzbuehel_oberndorf_in_tirol: HTTP 403
[17:59:35]   ❌ [102/276] kitzbuehel_reith_bei_kitzbuehel: HTTP 403
[17:59:40]   ❌ [103/276] kitzbuehel_schwendt: HTTP 403
[17:59:42]   ❌ [104/276] kitzbuehel_st_johann_in_tirol: HTTP 403
[17:59:42]   ❌ [105/276] kitzbuehel_st_jakob_in_haus: HTTP 403
[17:59:47]   ❌ [106/276] kitzbuehel_st_ulrich_am_pillersee: HTTP 403
[17:59:49]   ❌ [107/276] kitzbuehel_waidring: HTTP 403
[17:59:49]   ❌ [108/276] kitzbuehel_westendorf: HTTP 403
[17:59:53]   ❌ [109/276] kufstein_alpbach: HTTP 403
[17:59:56]   ❌ [110/276] kufstein_angath: HTTP 403
[17:59:56]   ❌ [111/276] kufstein_angerberg: HTTP 403
[18:00:00]   ❌ [112/276] kufstein_bad_haering: HTTP 403
[18:00:02]   ❌ [113/276] kufstein_brandenberg: HTTP 403
[18:00:02]   ❌ [114/276] kufstein_breitenbach_am_inn: HTTP 403
[18:00:06]   ❌ [115/276] kufstein_brixlegg: HTTP 403
[18:00:09]   ❌ [116/276] kufstein_ellmau: HTTP 403
[18:00:09]   ❌ [117/276] kufstein_ebbs: HTTP 403
[18:00:14]   ❌ [118/276] kufstein_erl: HTTP 403
[18:00:16]   ❌ [119/276] kufstein_kirchbichl: HTTP 403
[18:00:16]   ❌ [120/276] kufstein_kramsach: HTTP 403
[18:00:20]   ❌ [121/276] kufstein_kufstein: HTTP 403
[18:00:23]   ❌ [122/276] kufstein_langkampfen: HTTP 403
[18:00:23]   ❌ [123/276] kufstein_kundl: HTTP 403
[18:00:27]   ❌ [124/276] kufstein_mariastein: HTTP 403
[18:00:30]   ❌ [125/276] kufstein_muenster: HTTP 403
[18:00:30]   ❌ [126/276] kufstein_niederndorf: HTTP 403
[18:00:34]   ❌ [127/276] kufstein_niederndorferberg: HTTP 403
[18:00:37]   ❌ [128/276] kufstein_rattenberg: HTTP 403
[18:00:37]   ❌ [129/276] kufstein_radfeld: HTTP 403
[18:00:41]   ❌ [130/276] kufstein_reith_im_alpbachtal: HTTP 403
[18:00:44]   ❌ [131/276] kufstein_rettenschoess: HTTP 403
[18:00:44]   ❌ [132/276] kufstein_scheffau_am_wilden_kaiser: HTTP 403
[18:00:48]   ❌ [133/276] kufstein_schwoich: HTTP 403
[18:00:51]   ❌ [134/276] kufstein_thiersee: HTTP 403
[18:00:51]   ❌ [135/276] kufstein_soell: HTTP 403
[18:00:54]   ❌ [136/276] kufstein_walchsee: HTTP 403
[18:00:57]   ❌ [137/276] kufstein_wildschoenau: HTTP 403
[18:00:58]   ❌ [138/276] kufstein_woergl: HTTP 403
[18:01:01]   ❌ [139/276] landeck_faggen: HTTP 403
[18:01:04]   ❌ [140/276] landeck_fendels: HTTP 403
[18:01:04]   ❌ [141/276] landeck_fiss: HTTP 403
[18:01:08]   ❌ [142/276] landeck_fliess: HTTP 403
[18:01:11]   ❌ [143/276] landeck_flirsch: HTTP 403
[18:01:11]   ❌ [144/276] landeck_galtuer: HTTP 403
[18:01:15]   ❌ [145/276] landeck_grins: HTTP 403
[18:01:18]   ❌ [146/276] landeck_ischgl: HTTP 403
[18:01:18]   ❌ [147/276] landeck_kappl: HTTP 403
[18:01:21]   ❌ [148/276] landeck_kaunerberg: HTTP 403
[18:01:25]   ❌ [149/276] landeck_kaunertal: HTTP 403
[18:01:25]   ❌ [150/276] landeck_kauns: HTTP 403
[18:01:28]   ❌ [151/276] landeck_ladis: HTTP 403
[18:01:32]   ❌ [152/276] landeck_nauders: HTTP 403
[18:01:32]   ❌ [153/276] landeck_landeck: HTTP 403
[18:01:35]   ❌ [154/276] landeck_pettneu_am_arlberg: HTTP 403
[18:01:38]   ❌ [155/276] landeck_pfunds: HTTP 403
[18:01:39]   ❌ [156/276] landeck_pians: HTTP 403
[18:01:41]   ❌ [157/276] landeck_prutz: HTTP 403
[18:01:45]   ❌ [158/276] landeck_ried_im_oberinntal: HTTP 403
[18:01:46]   ❌ [159/276] landeck_st_anton_am_arlberg: HTTP 403
[18:01:48]   ❌ [160/276] landeck_schoenwies: HTTP 403
[18:01:52]   ❌ [161/276] landeck_see: HTTP 403
[18:01:53]   ❌ [162/276] landeck_serfaus: HTTP 403
[18:01:55]   ❌ [163/276] landeck_spiss: HTTP 403
[18:01:58]   ❌ [164/276] landeck_stanz_bei_landeck: HTTP 403
[18:01:59]   ❌ [165/276] landeck_strengen: HTTP 403
[18:02:02]   ❌ [166/276] landeck_tobadill: HTTP 403
[18:02:05]   ❌ [167/276] landeck_toesens: HTTP 403
[18:02:06]   ❌ [168/276] landeck_zams: HTTP 403
[18:02:08]   ❌ [169/276] lienz_osttirol_ainet: HTTP 403
[18:02:12]   ❌ [170/276] lienz_osttirol_amlach: HTTP 403
[18:02:13]   ❌ [171/276] lienz_osttirol_anras: HTTP 403
[18:02:15]   ❌ [172/276] lienz_osttirol_assling: HTTP 403
[18:02:19]   ❌ [173/276] lienz_osttirol_ausservillgraten: HTTP 403
[18:02:20]   ❌ [174/276] lienz_osttirol_doelsach: HTTP 403
[18:02:22]   ❌ [175/276] lienz_osttirol_gaimberg: HTTP 403
[18:02:26]   ❌ [176/276] lienz_osttirol_heinfels: HTTP 403
[18:02:27]   ❌ [177/276] lienz_osttirol_hopfgarten_in_defereggen: HTTP 403
[18:02:29]   ❌ [178/276] lienz_osttirol_innervillgraten: HTTP 403
[18:02:32]   ❌ [179/276] lienz_osttirol_iselsberg-stronach: HTTP 403
[18:02:33]   ❌ [180/276] lienz_osttirol_kals_am_grossglockner: HTTP 403
[18:02:35]   ❌ [181/276] lienz_osttirol_kartitsch: HTTP 403
[18:02:39]   ❌ [182/276] lienz_osttirol_lavant: HTTP 403
[18:02:40]   ❌ [183/276] lienz_osttirol_leisach: HTTP 403
[18:02:42]   ❌ [184/276] lienz_osttirol_lienz: HTTP 403
[18:02:46]   ❌ [185/276] lienz_osttirol_matrei_in_osttirol: HTTP 403
[18:02:47]   ❌ [186/276] lienz_osttirol_nikolsdorf: HTTP 403
[18:02:49]   ❌ [187/276] lienz_osttirol_nussdorf-debant: HTTP 403
[18:02:53]   ❌ [188/276] lienz_osttirol_oberlienz: HTTP 403
[18:02:54]   ❌ [189/276] lienz_osttirol_obertilliach: HTTP 403
[18:02:56]   ❌ [190/276] lienz_osttirol_praegraten_am_grossvenediger: HTTP 403
[18:03:00]   ❌ [191/276] lienz_osttirol_st_jakob_in_defereggen: HTTP 403
[18:03:00]   ❌ [192/276] lienz_osttirol_st_johann_im_walde: HTTP 403
[18:03:03]   ❌ [193/276] lienz_osttirol_st_veit_in_defereggen: HTTP 403
[18:03:06]   ❌ [194/276] lienz_osttirol_schlaiten: HTTP 403
[18:03:07]   ❌ [195/276] lienz_osttirol_sillian: HTTP 403
[18:03:09]   ❌ [196/276] lienz_osttirol_strassen: HTTP 403
[18:03:13]   ❌ [197/276] lienz_osttirol_thurn: HTTP 403
[18:03:14]   ❌ [198/276] lienz_osttirol_tristach: HTTP 403
[18:03:16]   ❌ [199/276] lienz_osttirol_untertilliach: HTTP 403
[18:03:19]   ❌ [200/276] lienz_osttirol_virgen: HTTP 403
[18:03:20]   ❌ [201/276] reutte_ausserfern_bach: HTTP 403
[18:03:23]   ❌ [202/276] reutte_ausserfern_berwang: HTTP 403
[18:03:26]   ❌ [203/276] reutte_ausserfern_biberwier: HTTP 403
[18:03:27]   ❌ [204/276] reutte_ausserfern_bichlbach: HTTP 403
[18:03:29]   ❌ [205/276] reutte_ausserfern_breitenwang: HTTP 403
[18:03:32]   ❌ [206/276] reutte_ausserfern_ehenbichl: HTTP 403
[18:03:34]   ❌ [207/276] reutte_ausserfern_ehrwald: HTTP 403
[18:03:36]   ❌ [208/276] reutte_ausserfern_elbigenalp: HTTP 403
[18:03:39]   ❌ [209/276] reutte_ausserfern_elmen: HTTP 403
[18:03:41]   ❌ [210/276] reutte_ausserfern_forchach: HTTP 403
[18:03:43]   ❌ [211/276] reutte_ausserfern_graen: HTTP 403
[18:03:46]   ❌ [212/276] reutte_ausserfern_gramais: HTTP 403
[18:03:48]   ❌ [213/276] reutte_ausserfern_haeselgehr: HTTP 403
[18:03:50]   ❌ [214/276] reutte_ausserfern_heiterwang: HTTP 403
[18:03:52]   ❌ [215/276] reutte_ausserfern_hinterhornbach: HTTP 403
[18:03:54]   ❌ [216/276] reutte_ausserfern_hoefen: HTTP 403
[18:03:58]   ❌ [217/276] reutte_ausserfern_holzgau: HTTP 403
[18:03:59]   ❌ [218/276] reutte_ausserfern_jungholz: HTTP 403
[18:04:01]   ❌ [219/276] reutte_ausserfern_kaisers: HTTP 403
[18:04:04]   ❌ [220/276] reutte_ausserfern_lechaschau: HTTP 403
[18:04:05]   ❌ [221/276] reutte_ausserfern_lermoos: HTTP 403
[18:04:08]   ❌ [222/276] reutte_ausserfern_musau: HTTP 403
[18:04:11]   ❌ [223/276] reutte_ausserfern_namlos: HTTP 403
[18:04:12]   ❌ [224/276] reutte_ausserfern_nesselwaengle: HTTP 403
[18:04:14]   ❌ [225/276] reutte_ausserfern_pfafflar: HTTP 403
[18:04:18]   ❌ [226/276] reutte_ausserfern_pflach: HTTP 403
[18:04:19]   ❌ [227/276] reutte_ausserfern_pinswang: HTTP 403
[18:04:21]   ❌ [228/276] reutte_ausserfern_reutte: HTTP 403
[18:04:24]   ❌ [229/276] reutte_ausserfern_schattwald: HTTP 403
[18:04:26]   ❌ [230/276] reutte_ausserfern_stanzach: HTTP 403
[18:04:27]   ❌ [231/276] reutte_ausserfern_steeg: HTTP 403
[18:04:31]   ❌ [232/276] reutte_ausserfern_tannheim: HTTP 403
[18:04:33]   ❌ [233/276] reutte_ausserfern_vils: HTTP 403
[18:04:34]   ❌ [234/276] reutte_ausserfern_vorderhornbach: HTTP 403
[18:04:38]   ❌ [235/276] reutte_ausserfern_waengle: HTTP 403
[18:04:39]   ❌ [236/276] reutte_ausserfern_weissenbach_am_lech: HTTP 403
[18:04:41]   ❌ [237/276] reutte_ausserfern_zoeblen: HTTP 403
[18:04:44]   ❌ [238/276] schwaz_achenkirch: HTTP 403
[18:04:46]   ❌ [239/276] schwaz_aschau_im_zillertal: HTTP 403
[18:04:48]   ❌ [240/276] schwaz_brandberg: HTTP 403
[18:04:51]   ❌ [241/276] schwaz_bruck_am_ziller: HTTP 403
[18:04:53]   ❌ [242/276] schwaz_buch_in_tirol: HTTP 403
[18:04:54]   ❌ [243/276] schwaz_eben_am_achensee: HTTP 403
[18:04:58]   ❌ [244/276] schwaz_finkenberg: HTTP 403
[18:05:00]   ❌ [245/276] schwaz_fuegen: HTTP 403
[18:05:01]   ❌ [246/276] schwaz_fuegenberg: HTTP 403
[18:05:05]   ❌ [247/276] schwaz_gallzein: HTTP 403
[18:05:06]   ❌ [248/276] schwaz_gerlos: HTTP 403
[18:05:08]   ❌ [249/276] schwaz_gerlosberg: HTTP 403
[18:05:11]   ❌ [250/276] schwaz_hainzenberg: HTTP 403
[18:05:13]   ❌ [251/276] schwaz_hart_im_zillertal: HTTP 403
[18:05:14]   ❌ [252/276] schwaz_hippach: HTTP 403
[18:05:18]   ❌ [253/276] schwaz_jenbach: HTTP 403
[18:05:20]   ❌ [254/276] schwaz_kaltenbach: HTTP 403
[18:05:21]   ❌ [255/276] schwaz_mayrhofen: HTTP 403
[18:05:25]   ❌ [256/276] schwaz_pill: HTTP 403
[18:05:27]   ❌ [257/276] schwaz_ramsau_im_zillertal: HTTP 403
[18:05:28]   ❌ [258/276] schwaz_ried_im_zillertal: HTTP 403
[18:05:31]   ❌ [259/276] schwaz_rohrberg: HTTP 403
[18:05:33]   ❌ [260/276] schwaz_schlitters: HTTP 403
[18:05:35]   ❌ [261/276] schwaz_schwaz: HTTP 403
[18:05:38]   ❌ [262/276] schwaz_schwendau: HTTP 403
[18:05:40]   ❌ [263/276] schwaz_stans: HTTP 403
[18:05:41]   ❌ [264/276] schwaz_steinberg_am_rofan: HTTP 403
[18:05:45]   ❌ [265/276] schwaz_strass_im_zillertal: HTTP 403
[18:05:47]   ❌ [266/276] schwaz_stumm: HTTP 403
[18:05:48]   ❌ [267/276] schwaz_stummerberg: HTTP 403
[18:05:52]   ❌ [268/276] schwaz_terfens: HTTP 403
[18:05:54]   ❌ [269/276] schwaz_tux: HTTP 403
[18:05:55]   ❌ [270/276] schwaz_uderns: HTTP 403
[18:05:59]   ❌ [271/276] schwaz_vomp: HTTP 403
[18:06:01]   ❌ [272/276] schwaz_weerberg: HTTP 403
[18:06:01]   ❌ [273/276] schwaz_weer: HTTP 403
[18:06:06]   ❌ [274/276] schwaz_wiesing: HTTP 403
[18:06:08]   ❌ [275/276] schwaz_zell_am_ziller: HTTP 403
[18:06:08]   ❌ [276/276] schwaz_zellberg: HTTP 403
[18:06:08] 
=== Fertig in 10.3min: 0/276 OK, 276 Fehler ===
[18:06:08] Fehler (max 10):
[18:06:08]   imst_arzl_im_pitztal: HTTP 403
[18:06:08]   imst_haiming: HTTP 403
[18:06:08]   imst_imst: HTTP 403
[18:06:08]   imst_imsterberg: HTTP 403
[18:06:08]   imst_karres: HTTP 403
[18:06:08]   imst_jerzens: HTTP 403
[18:06:08]   imst_karroesten: HTTP 403
[18:06:08]   imst_laengenfeld: HTTP 403
[18:06:08]   imst_mieming: HTTP 403
[18:06:08]   imst_mils_bei_imst: HTTP 403
[18:06:08] Manifest: img/qwen_modern/manifest.json
