[04:11:56] jobs=285
[04:11:56] snapshot_download config -> F:\tiroltourismus\wappen\diffusers-sd35-config
[04:11:57] download text_encoder/model.safetensors
[04:11:57] load text_encoder
[04:11:58] download text_encoder_2/model.safetensors
[04:11:59] load text_encoder_2
[04:12:01] download text_encoders/t5xxl_fp8_e4m3fn.safetensors
[04:16:46] load text_encoder_3
[04:16:57] download checkpoint -> F:\tiroltourismus\wappen\models\sd35\sd3.5_medium.safetensors
[04:21:55] loading pipeline from single-file checkpoint
[04:21:59] [1/285] Imst / Imst
[04:22:52] OK Imst -> bezirke\imst.png
[04:22:52] [2/285] Imst / Arzl im Pitztal
[04:23:38] OK Arzl im Pitztal -> orte\imst\arzl_im_pitztal.png
[04:23:38] [3/285] Imst / Haiming
[04:24:40] OK Haiming -> orte\imst\haiming.png
[04:24:40] [4/285] Imst / Imst
[04:25:02] OK Imst -> orte\imst\imst.png
[04:25:02] [5/285] Imst / Imsterberg
[04:25:23] OK Imsterberg -> orte\imst\imsterberg.png
[04:25:23] [6/285] Imst / Jerzens
[04:25:39] OK Jerzens -> orte\imst\jerzens.png
[04:25:39] [7/285] Imst / Karres
[04:25:54] OK Karres -> orte\imst\karres.png
[04:25:54] [8/285] Imst / Karrösten
[04:26:09] OK Karrösten -> orte\imst\karrösten.png
[04:26:09] [9/285] Imst / Längenfeld
[04:26:24] OK Längenfeld -> orte\imst\längenfeld.png
[04:26:24] [10/285] Imst / Mieming
[04:26:41] OK Mieming -> orte\imst\mieming.png
[04:26:41] [11/285] Imst / Mils bei Imst
[04:26:56] OK Mils bei Imst -> orte\imst\mils_bei_imst.png
[04:26:56] [12/285] Imst / Mötz
[04:27:13] OK Mötz -> orte\imst\mötz.png
[04:27:13] [13/285] Imst / Nassereith
[04:27:30] OK Nassereith -> orte\imst\nassereith.png
[04:27:30] [14/285] Imst / Obsteig
[04:27:48] OK Obsteig -> orte\imst\obsteig.png
[04:27:48] [15/285] Imst / Oetz
[04:28:03] OK Oetz -> orte\imst\oetz.png
[04:28:03] [16/285] Imst / Rietz
[04:28:18] OK Rietz -> orte\imst\rietz.png
[04:28:18] [17/285] Imst / Roppen
[04:28:32] OK Roppen -> orte\imst\roppen.png
[04:28:32] [18/285] Imst / St. Leonhard im Pitztal
[04:28:48] OK St. Leonhard im Pitztal -> orte\imst\st._leonhard_im_pitztal.png
[04:28:48] [19/285] Imst / Sautens
[04:29:04] OK Sautens -> orte\imst\sautens.png
[04:29:04] [20/285] Imst / Silz
[04:29:16] OK Silz -> orte\imst\silz.png
[04:29:16] [21/285] Imst / Sölden
[04:29:30] OK Sölden -> orte\imst\sölden.png
[04:29:30] [22/285] Imst / Stams
[04:29:46] OK Stams -> orte\imst\stams.png
[04:29:46] [23/285] Imst / Tarrenz
[04:30:00] OK Tarrenz -> orte\imst\tarrenz.png
[04:30:00] [24/285] Imst / Umhausen
[04:30:17] OK Umhausen -> orte\imst\umhausen.png
[04:30:17] [25/285] Imst / Wenns
[04:30:32] OK Wenns -> orte\imst\wenns.png
[04:30:32] [26/285] Innsbruck Stadt / Innsbruck Stadt
[04:30:47] OK Innsbruck Stadt -> bezirke\innsbruck_stadt.png
[04:30:47] [27/285] Innsbruck Stadt / Innsbruck
[04:31:01] OK Innsbruck -> orte\statutarstadt_innsbruck\stadtwappen.png
[04:31:01] [28/285] Innsbruck-Land / Innsbruck-Land
[04:31:16] OK Innsbruck-Land -> bezirke\innsbruck-land.png
[04:31:16] [29/285] Innsbruck-Land / Absam
[04:31:31] OK Absam -> orte\innsbruck-land\absam.png
[04:31:31] [30/285] Innsbruck-Land / Aldrans
[04:31:47] OK Aldrans -> orte\innsbruck-land\aldrans.png
[04:31:47] [31/285] Innsbruck-Land / Ampass
[04:32:03] OK Ampass -> orte\innsbruck-land\ampass.png
[04:32:03] [32/285] Innsbruck-Land / Axams
[04:32:17] OK Axams -> orte\innsbruck-land\axams.png
[04:32:17] [33/285] Innsbruck-Land / Baumkirchen
[04:32:32] OK Baumkirchen -> orte\innsbruck-land\baumkirchen.png
[04:32:32] [34/285] Innsbruck-Land / Birgitz
[04:32:46] OK Birgitz -> orte\innsbruck-land\birgitz.png
[04:32:46] [35/285] Innsbruck-Land / Ellbögen
[04:33:01] OK Ellbögen -> orte\innsbruck-land\ellbögen.png
[04:33:01] [36/285] Innsbruck-Land / Flaurling
[04:33:15] OK Flaurling -> orte\innsbruck-land\flaurling.png
[04:33:15] [37/285] Innsbruck-Land / Fritzens
[04:33:28] OK Fritzens -> orte\innsbruck-land\fritzens.png
[04:33:28] [38/285] Innsbruck-Land / Fulpmes
[04:33:42] OK Fulpmes -> orte\innsbruck-land\fulpmes.png
[04:33:42] [39/285] Innsbruck-Land / Gnadenwald
[04:33:55] OK Gnadenwald -> orte\innsbruck-land\gnadenwald.png
[04:33:55] [40/285] Innsbruck-Land / Götzens
[04:34:11] OK Götzens -> orte\innsbruck-land\götzens.png
[04:34:11] [41/285] Innsbruck-Land / Gries am Brenner
[04:34:27] OK Gries am Brenner -> orte\innsbruck-land\gries_am_brenner.png
[04:34:27] [42/285] Innsbruck-Land / Gries im Sellrain
[04:34:43] OK Gries im Sellrain -> orte\innsbruck-land\gries_im_sellrain.png
[04:34:43] [43/285] Innsbruck-Land / Grinzens
[04:34:58] OK Grinzens -> orte\innsbruck-land\grinzens.png
[04:34:58] [44/285] Innsbruck-Land / Gschnitz
[04:35:12] OK Gschnitz -> orte\innsbruck-land\gschnitz.png
[04:35:12] [45/285] Innsbruck-Land / Hall in Tirol
[04:35:28] OK Hall in Tirol -> orte\innsbruck-land\hall_in_tirol.png
[04:35:28] [46/285] Innsbruck-Land / Hatting
[04:35:43] OK Hatting -> orte\innsbruck-land\hatting.png
[04:35:43] [47/285] Innsbruck-Land / Inzing
[04:35:57] OK Inzing -> orte\innsbruck-land\inzing.png
[04:35:57] [48/285] Innsbruck-Land / Kematen in Tirol
[04:36:14] OK Kematen in Tirol -> orte\innsbruck-land\kematen_in_tirol.png
[04:36:14] [49/285] Innsbruck-Land / Kolsass
[04:36:29] OK Kolsass -> orte\innsbruck-land\kolsass.png
[04:36:29] [50/285] Innsbruck-Land / Kolsassberg
[04:36:45] OK Kolsassberg -> orte\innsbruck-land\kolsassberg.png
[04:36:45] [51/285] Innsbruck-Land / Lans
[04:37:03] OK Lans -> orte\innsbruck-land\lans.png
[04:37:03] [52/285] Innsbruck-Land / Leutasch
[04:37:27] OK Leutasch -> orte\innsbruck-land\leutasch.png
[04:37:27] [53/285] Innsbruck-Land / Matrei am Brenner
[04:37:46] OK Matrei am Brenner -> orte\innsbruck-land\matrei_am_brenner.png
[04:37:46] [54/285] Innsbruck-Land / Mieders
[04:38:03] OK Mieders -> orte\innsbruck-land\mieders.png
[04:38:03] [55/285] Innsbruck-Land / Mils
[04:38:16] OK Mils -> orte\innsbruck-land\mils.png
[04:38:16] [56/285] Innsbruck-Land / Mutters
[04:38:33] OK Mutters -> orte\innsbruck-land\mutters.png
[04:38:33] [57/285] Innsbruck-Land / Natters
[04:38:53] OK Natters -> orte\innsbruck-land\natters.png
[04:38:53] [58/285] Innsbruck-Land / Navis
[04:39:11] OK Navis -> orte\innsbruck-land\navis.png
[04:39:11] [59/285] Innsbruck-Land / Neustift im Stubaital
[04:39:31] OK Neustift im Stubaital -> orte\innsbruck-land\neustift_im_stubaital.png
[04:39:31] [60/285] Innsbruck-Land / Oberhofen im Inntal
[04:39:50] OK Oberhofen im Inntal -> orte\innsbruck-land\oberhofen_im_inntal.png
[04:39:50] [61/285] Innsbruck-Land / Obernberg am Brenner
[04:40:08] OK Obernberg am Brenner -> orte\innsbruck-land\obernberg_am_brenner.png
[04:40:08] [62/285] Innsbruck-Land / Oberperfuss
[04:40:25] OK Oberperfuss -> orte\innsbruck-land\oberperfuss.png
[04:40:25] [63/285] Innsbruck-Land / Patsch
[04:40:36] OK Patsch -> orte\innsbruck-land\patsch.png
[04:40:36] [64/285] Innsbruck-Land / Pettnau
[04:40:53] OK Pettnau -> orte\innsbruck-land\pettnau.png
[04:40:53] [65/285] Innsbruck-Land / Pfaffenhofen
[04:41:08] OK Pfaffenhofen -> orte\innsbruck-land\pfaffenhofen.png
[04:41:08] [66/285] Innsbruck-Land / Polling in Tirol
[04:41:23] OK Polling in Tirol -> orte\innsbruck-land\polling_in_tirol.png
[04:41:23] [67/285] Innsbruck-Land / Ranggen
[04:41:41] OK Ranggen -> orte\innsbruck-land\ranggen.png
[04:41:41] [68/285] Innsbruck-Land / Reith bei Seefeld
[04:42:03] OK Reith bei Seefeld -> orte\innsbruck-land\reith_bei_seefeld.png
[04:42:03] [69/285] Innsbruck-Land / Rinn
[04:42:22] OK Rinn -> orte\innsbruck-land\rinn.png
[04:42:22] [70/285] Innsbruck-Land / Rum
[04:42:41] OK Rum -> orte\innsbruck-land\rum.png
[04:42:41] [71/285] Innsbruck-Land / St. Sigmund im Sellrain
[04:42:55] OK St. Sigmund im Sellrain -> orte\innsbruck-land\st._sigmund_im_sellrain.png
[04:42:55] [72/285] Innsbruck-Land / Scharnitz
[04:43:11] OK Scharnitz -> orte\innsbruck-land\scharnitz.png
[04:43:11] [73/285] Innsbruck-Land / Schmirn
[04:43:27] OK Schmirn -> orte\innsbruck-land\schmirn.png
[04:43:27] [74/285] Innsbruck-Land / Schönberg im Stubaital
[04:43:43] OK Schönberg im Stubaital -> orte\innsbruck-land\schönberg_im_stubaital.png
[04:43:43] [75/285] Innsbruck-Land / Seefeld in Tirol
[04:44:00] OK Seefeld in Tirol -> orte\innsbruck-land\seefeld_in_tirol.png
[04:44:00] [76/285] Innsbruck-Land / Sellrain
[04:44:16] OK Sellrain -> orte\innsbruck-land\sellrain.png
[04:44:16] [77/285] Innsbruck-Land / Sistrans
[04:44:32] OK Sistrans -> orte\innsbruck-land\sistrans.png
[04:44:32] [78/285] Innsbruck-Land / Steinach am Brenner
[04:44:51] OK Steinach am Brenner -> orte\innsbruck-land\steinach_am_brenner.png
[04:44:51] [79/285] Innsbruck-Land / Telfes im Stubai
[04:45:07] OK Telfes im Stubai -> orte\innsbruck-land\telfes_im_stubai.png
[04:45:07] [80/285] Innsbruck-Land / Telfs
[04:45:24] OK Telfs -> orte\innsbruck-land\telfs.png
[04:45:24] [81/285] Innsbruck-Land / Thaur
[04:45:39] OK Thaur -> orte\innsbruck-land\thaur.png
[04:45:39] [82/285] Innsbruck-Land / Trins
[04:45:54] OK Trins -> orte\innsbruck-land\trins.png
[04:45:54] [83/285] Innsbruck-Land / Tulfes
[04:46:10] OK Tulfes -> orte\innsbruck-land\tulfes.png
[04:46:10] [84/285] Innsbruck-Land / Unterperfuss
[04:46:25] OK Unterperfuss -> orte\innsbruck-land\unterperfuss.png
[04:46:25] [85/285] Innsbruck-Land / Vals
[04:46:41] OK Vals -> orte\innsbruck-land\vals.png
[04:46:41] [86/285] Innsbruck-Land / Völs
[04:46:56] OK Völs -> orte\innsbruck-land\völs.png
[04:46:56] [87/285] Innsbruck-Land / Volders
[04:47:12] OK Volders -> orte\innsbruck-land\volders.png
[04:47:12] [88/285] Innsbruck-Land / Wattenberg
[04:47:25] OK Wattenberg -> orte\innsbruck-land\wattenberg.png
[04:47:25] [89/285] Innsbruck-Land / Wattens
[04:47:39] OK Wattens -> orte\innsbruck-land\wattens.png
[04:47:39] [90/285] Innsbruck-Land / Wildermieming
[04:47:55] OK Wildermieming -> orte\innsbruck-land\wildermieming.png
[04:47:55] [91/285] Innsbruck-Land / Zirl
[04:48:12] OK Zirl -> orte\innsbruck-land\zirl.png
[04:48:12] [92/285] Kitzbühel / Kitzbühel
[04:48:28] OK Kitzbühel -> bezirke\kitzbühel.png
[04:48:28] [93/285] Kitzbühel / Aurach bei Kitzbühel
[04:48:43] OK Aurach bei Kitzbühel -> orte\kitzbühel\aurach_bei_kitzbühel.png
[04:48:43] [94/285] Kitzbühel / Brixen im Thale
[04:48:59] OK Brixen im Thale -> orte\kitzbühel\brixen_im_thale.png
[04:48:59] [95/285] Kitzbühel / Fieberbrunn
[04:49:14] OK Fieberbrunn -> orte\kitzbühel\fieberbrunn.png
[04:49:14] [96/285] Kitzbühel / Going am Wilden Kaiser
[04:49:29] OK Going am Wilden Kaiser -> orte\kitzbühel\going_am_wilden_kaiser.png
[04:49:29] [97/285] Kitzbühel / Hochfilzen
[04:49:41] OK Hochfilzen -> orte\kitzbühel\hochfilzen.png
[04:49:41] [98/285] Kitzbühel / Hopfgarten im Brixental
[04:49:58] OK Hopfgarten im Brixental -> orte\kitzbühel\hopfgarten_im_brixental.png
[04:49:58] [99/285] Kitzbühel / Itter
[04:50:12] OK Itter -> orte\kitzbühel\itter.png
[04:50:12] [100/285] Kitzbühel / Jochberg
[04:50:27] OK Jochberg -> orte\kitzbühel\jochberg.png
[04:50:27] [101/285] Kitzbühel / Kirchberg in Tirol
[04:50:41] OK Kirchberg in Tirol -> orte\kitzbühel\kirchberg_in_tirol.png
[04:50:41] [102/285] Kitzbühel / Kirchdorf in Tirol
[04:50:55] OK Kirchdorf in Tirol -> orte\kitzbühel\kirchdorf_in_tirol.png
[04:50:55] [103/285] Kitzbühel / Kitzbühel
[04:51:10] OK Kitzbühel -> orte\kitzbühel\kitzbühel.png
[04:51:10] [104/285] Kitzbühel / Kössen
[04:51:26] OK Kössen -> orte\kitzbühel\kössen.png
[04:51:26] [105/285] Kitzbühel / Oberndorf in Tirol
[04:51:41] OK Oberndorf in Tirol -> orte\kitzbühel\oberndorf_in_tirol.png
[04:51:41] [106/285] Kitzbühel / Reith bei Kitzbühel
[04:51:57] OK Reith bei Kitzbühel -> orte\kitzbühel\reith_bei_kitzbhel.png
[04:51:57] [107/285] Kitzbühel / Schwendt
[04:52:12] OK Schwendt -> orte\kitzbühel\schwendt.png
[04:52:12] [108/285] Kitzbühel / St. Jakob in Haus
[04:52:26] OK St. Jakob in Haus -> orte\kitzbühel\st._jakob_in_haus.png
[04:52:26] [109/285] Kitzbühel / St. Johann in Tirol
[04:52:40] OK St. Johann in Tirol -> orte\kitzbühel\st._johann_in_tirol.png
[04:52:40] [110/285] Kitzbühel / St. Ulrich am Pillersee
[04:52:54] OK St. Ulrich am Pillersee -> orte\kitzbühel\st._ulrich_am_pillersee.png
[04:52:54] [111/285] Kitzbühel / Waidring
[04:53:09] OK Waidring -> orte\kitzbühel\waidring.png
[04:53:09] [112/285] Kitzbühel / Westendorf
[04:53:24] OK Westendorf -> orte\kitzbühel\westendorf.png
[04:53:24] [113/285] Kufstein / Kufstein
[04:53:38] OK Kufstein -> bezirke\kufstein.png
[04:53:38] [114/285] Kufstein / Alpbach
[04:53:53] OK Alpbach -> orte\kufstein\alpbach.png
[04:53:53] [115/285] Kufstein / Angath
[04:54:07] OK Angath -> orte\kufstein\angath.png
[04:54:07] [116/285] Kufstein / Angerberg
[04:54:22] OK Angerberg -> orte\kufstein\angerberg.png
[04:54:22] [117/285] Kufstein / Bad Häring
[04:54:38] OK Bad Häring -> orte\kufstein\bad_häring.png
[04:54:38] [118/285] Kufstein / Brandenberg
[04:54:53] OK Brandenberg -> orte\kufstein\brandenberg.png
[04:54:53] [119/285] Kufstein / Breitenbach am Inn
[04:55:09] OK Breitenbach am Inn -> orte\kufstein\breitenbach_am_inn.png
[04:55:09] [120/285] Kufstein / Brixlegg
[04:55:24] OK Brixlegg -> orte\kufstein\brixlegg.png
[04:55:24] [121/285] Kufstein / Ebbs
[04:55:41] OK Ebbs -> orte\kufstein\ebbs.png
[04:55:41] [122/285] Kufstein / Ellmau
[04:55:57] OK Ellmau -> orte\kufstein\ellmau.png
[04:55:57] [123/285] Kufstein / Erl
[04:56:13] OK Erl -> orte\kufstein\erl.png
[04:56:13] [124/285] Kufstein / Kirchbichl
[04:56:25] OK Kirchbichl -> orte\kufstein\kirchbichl.png
[04:56:25] [125/285] Kufstein / Kramsach
[04:56:42] OK Kramsach -> orte\kufstein\kramsach.png
[04:56:42] [126/285] Kufstein / Kufstein
[04:56:58] OK Kufstein -> orte\kufstein\kufstein.png
[04:56:58] [127/285] Kufstein / Kundl
[04:57:15] OK Kundl -> orte\kufstein\kundl.png
[04:57:15] [128/285] Kufstein / Langkampfen
[04:57:33] OK Langkampfen -> orte\kufstein\langkampfen.png
[04:57:33] [129/285] Kufstein / Mariastein
[04:57:49] OK Mariastein -> orte\kufstein\mariastein.png
[04:57:49] [130/285] Kufstein / Münster
[04:58:04] OK Münster -> orte\kufstein\münster.png
[04:58:04] [131/285] Kufstein / Niederndorf
[04:58:19] OK Niederndorf -> orte\kufstein\niederndorf.png
[04:58:19] [132/285] Kufstein / Niederndorferberg
[04:58:34] OK Niederndorferberg -> orte\kufstein\niederndorferberg.png
[04:58:34] [133/285] Kufstein / Radfeld
[04:58:46] OK Radfeld -> orte\kufstein\radfeld.png
[04:58:46] [134/285] Kufstein / Rattenberg
[04:59:02] OK Rattenberg -> orte\kufstein\rattenberg.png
[04:59:02] [135/285] Kufstein / Reith im Alpbachtal
[04:59:17] OK Reith im Alpbachtal -> orte\kufstein\reith_im_alpbachtal.png
[04:59:17] [136/285] Kufstein / Rettenschöss
[04:59:33] OK Rettenschöss -> orte\kufstein\rettenschöss.png
[04:59:33] [137/285] Kufstein / Scheffau am Wilden Kaiser
[04:59:49] OK Scheffau am Wilden Kaiser -> orte\kufstein\scheffau_am_wilden_kaiser.png
[04:59:49] [138/285] Kufstein / Schwoich
[05:00:05] OK Schwoich -> orte\kufstein\schwoich.png
[05:00:05] [139/285] Kufstein / Söll
[05:00:21] OK Söll -> orte\kufstein\söll.png
[05:00:21] [140/285] Kufstein / Thiersee
[05:00:37] OK Thiersee -> orte\kufstein\thiersee.png
[05:00:37] [141/285] Kufstein / Walchsee
[05:00:53] OK Walchsee -> orte\kufstein\walchsee.png
[05:00:53] [142/285] Kufstein / Wildschönau
[05:01:05] OK Wildschönau -> orte\kufstein\wildschönau.png
[05:01:05] [143/285] Kufstein / Wörgl
[05:01:22] OK Wörgl -> orte\kufstein\wörgl.png
[05:01:22] [144/285] Landeck / Landeck
[05:01:36] OK Landeck -> bezirke\landeck.png
[05:01:36] [145/285] Landeck / Faggen
[05:01:51] OK Faggen -> orte\landeck\faggen.png
[05:01:51] [146/285] Landeck / Fendels
[05:02:05] OK Fendels -> orte\landeck\fendels.png
[05:02:05] [147/285] Landeck / Fiss
[05:02:21] OK Fiss -> orte\landeck\fiss.png
[05:02:21] [148/285] Landeck / Fließ
[05:02:35] OK Fließ -> orte\landeck\fließ.png
[05:02:35] [149/285] Landeck / Flirsch
[05:02:51] OK Flirsch -> orte\landeck\flirsch.png
[05:02:51] [150/285] Landeck / Galtür
[05:03:07] OK Galtür -> orte\landeck\galtür.png
[05:03:07] [151/285] Landeck / Grins
[05:03:23] OK Grins -> orte\landeck\grins.png
[05:03:23] [152/285] Landeck / Ischgl
[05:03:39] OK Ischgl -> orte\landeck\ischgl.png
[05:03:39] [153/285] Landeck / Kappl
[05:03:55] OK Kappl -> orte\landeck\kappl.png
[05:03:55] [154/285] Landeck / Kaunerberg
[05:04:10] OK Kaunerberg -> orte\landeck\kaunerberg.png
[05:04:10] [155/285] Landeck / Kaunertal
[05:04:26] OK Kaunertal -> orte\landeck\kaunertal.png
[05:04:26] [156/285] Landeck / Kauns
[05:04:42] OK Kauns -> orte\landeck\kauns.png
[05:04:42] [157/285] Landeck / Ladis
[05:04:55] OK Ladis -> orte\landeck\ladis.png
[05:04:55] [158/285] Landeck / Landeck
[05:05:09] OK Landeck -> orte\landeck\landeck.png
[05:05:09] [159/285] Landeck / Nauders
[05:05:25] OK Nauders -> orte\landeck\nauders.png
[05:05:25] [160/285] Landeck / Pettneu am Arlberg
[05:05:40] OK Pettneu am Arlberg -> orte\landeck\pettneu_am_arlberg.png
[05:05:40] [161/285] Landeck / Pfunds
[05:05:57] OK Pfunds -> orte\landeck\pfunds.png
[05:05:57] [162/285] Landeck / Pians
[05:06:13] OK Pians -> orte\landeck\pians.png
[05:06:13] [163/285] Landeck / Prutz
[05:06:28] OK Prutz -> orte\landeck\prutz.png
[05:06:28] [164/285] Landeck / Ried im Oberinntal
[05:06:44] OK Ried im Oberinntal -> orte\landeck\ried_im_oberinntal.png
[05:06:44] [165/285] Landeck / St. Anton am Arlberg
[05:06:59] OK St. Anton am Arlberg -> orte\landeck\st._anton_am_arlberg.png
[05:06:59] [166/285] Landeck / Schönwies
[05:07:15] OK Schönwies -> orte\landeck\schönwies.png
[05:07:15] [167/285] Landeck / See
[05:07:31] OK See -> orte\landeck\see.png
[05:07:31] [168/285] Landeck / Serfaus
[05:07:45] OK Serfaus -> orte\landeck\serfaus.png
[05:07:45] [169/285] Landeck / Spiss
[05:08:00] OK Spiss -> orte\landeck\spiss.png
[05:08:00] [170/285] Landeck / Stanz bei Landeck
[05:08:14] OK Stanz bei Landeck -> orte\landeck\stanz_bei_landeck.png
[05:08:14] [171/285] Landeck / Strengen
[05:08:29] OK Strengen -> orte\landeck\strengen.png
[05:08:29] [172/285] Landeck / Tobadill
[05:08:44] OK Tobadill -> orte\landeck\tobadill.png
[05:08:44] [173/285] Landeck / Tösens
[05:08:58] OK Tösens -> orte\landeck\tösens.png
[05:08:58] [174/285] Landeck / Zams
[05:09:12] OK Zams -> orte\landeck\zams.png
[05:09:12] [175/285] Lienz (Osttirol) / Lienz (Osttirol)
[05:09:27] OK Lienz (Osttirol) -> bezirke\lienz.png
[05:09:27] [176/285] Lienz (Osttirol) / Ainet
[05:09:41] OK Ainet -> orte\lienz\ainet.png
[05:09:41] [177/285] Lienz (Osttirol) / Amlach
[05:09:56] OK Amlach -> orte\lienz\amlach.png
[05:09:56] [178/285] Lienz (Osttirol) / Anras
[05:10:11] OK Anras -> orte\lienz\anras.png
[05:10:11] [179/285] Lienz (Osttirol) / Assling
[05:10:27] OK Assling -> orte\lienz\assling.png
[05:10:27] [180/285] Lienz (Osttirol) / Außervillgraten
[05:10:41] OK Außervillgraten -> orte\lienz\außervillgraten.png
[05:10:41] [181/285] Lienz (Osttirol) / Dölsach
[05:10:56] OK Dölsach -> orte\lienz\dölsach.png
[05:10:56] [182/285] Lienz (Osttirol) / Gaimberg
[05:11:11] OK Gaimberg -> orte\lienz\gaimberg.png
[05:11:11] [183/285] Lienz (Osttirol) / Heinfels
[05:11:25] OK Heinfels -> orte\lienz\heinfels.png
[05:11:25] [184/285] Lienz (Osttirol) / Hopfgarten in Defereggen
[05:11:40] OK Hopfgarten in Defereggen -> orte\lienz\hopfgarten_in_defereggen.png
[05:11:40] [185/285] Lienz (Osttirol) / Innervillgraten
[05:11:55] OK Innervillgraten -> orte\lienz\innervillgraten.png
[05:11:55] [186/285] Lienz (Osttirol) / Iselsberg-Stronach
[05:12:10] OK Iselsberg-Stronach -> orte\lienz\iselsberg-stronach.png
[05:12:10] [187/285] Lienz (Osttirol) / Kals am Großglockner
[05:12:26] OK Kals am Großglockner -> orte\lienz\kals_am_großglockner.png
[05:12:26] [188/285] Lienz (Osttirol) / Kartitsch
[05:12:40] OK Kartitsch -> orte\lienz\kartitsch.png
[05:12:40] [189/285] Lienz (Osttirol) / Lavant
[05:12:55] OK Lavant -> orte\lienz\lavant.png
[05:12:55] [190/285] Lienz (Osttirol) / Leisach
[05:13:09] OK Leisach -> orte\lienz\leisach.png
[05:13:09] [191/285] Lienz (Osttirol) / Lienz
[05:13:24] OK Lienz -> orte\lienz\lienz.png
[05:13:24] [192/285] Lienz (Osttirol) / Matrei in Osttirol
[05:13:37] OK Matrei in Osttirol -> orte\lienz\matrei_in_osttirol.png
[05:13:37] [193/285] Lienz (Osttirol) / Nikolsdorf
[05:13:51] OK Nikolsdorf -> orte\lienz\nikolsdorf.png
[05:13:51] [194/285] Lienz (Osttirol) / Nußdorf-Debant
[05:14:05] OK Nußdorf-Debant -> orte\lienz\nußdorf-debant.png
[05:14:05] [195/285] Lienz (Osttirol) / Oberlienz
[05:14:19] OK Oberlienz -> orte\lienz\oberlienz.png
[05:14:19] [196/285] Lienz (Osttirol) / Obertilliach
[05:14:33] OK Obertilliach -> orte\lienz\obertilliach.png
[05:14:33] [197/285] Lienz (Osttirol) / Prägraten am Großvenediger
[05:14:46] OK Prägraten am Großvenediger -> orte\lienz\prägraten_am_großvenediger.png
[05:14:46] [198/285] Lienz (Osttirol) / St. Jakob in Defereggen
[05:15:02] OK St. Jakob in Defereggen -> orte\lienz\st._jakob_in_defereggen.png
[05:15:02] [199/285] Lienz (Osttirol) / St. Johann im Walde
[05:15:19] OK St. Johann im Walde -> orte\lienz\st._johann_im_walde.png
[05:15:19] [200/285] Lienz (Osttirol) / St. Veit in Defereggen
[05:15:36] OK St. Veit in Defereggen -> orte\lienz\st._veit_in_defereggen.png
[05:15:36] [201/285] Lienz (Osttirol) / Schlaiten
[05:15:55] OK Schlaiten -> orte\lienz\schlaiten.png
[05:15:55] [202/285] Lienz (Osttirol) / Sillian
[05:16:09] OK Sillian -> orte\lienz\sillian.png
[05:16:09] [203/285] Lienz (Osttirol) / Strassen
[05:16:23] OK Strassen -> orte\lienz\strassen.png
[05:16:23] [204/285] Lienz (Osttirol) / Thurn
[05:16:37] OK Thurn -> orte\lienz\thurn.png
[05:16:37] [205/285] Lienz (Osttirol) / Tristach
[05:16:54] OK Tristach -> orte\lienz\tristach.png
[05:16:54] [206/285] Lienz (Osttirol) / Untertilliach
[05:17:06] OK Untertilliach -> orte\lienz\untertilliach.png
[05:17:06] [207/285] Lienz (Osttirol) / Virgen
[05:17:26] OK Virgen -> orte\lienz\virgen.png
[05:17:26] [208/285] Reutte (Außerfern) / Reutte (Außerfern)
[05:17:42] OK Reutte (Außerfern) -> bezirke\reutte.png
[05:17:42] [209/285] Reutte (Außerfern) / Bach
[05:18:00] OK Bach -> orte\reutte\bach.png
[05:18:00] [210/285] Reutte (Außerfern) / Berwang
[05:18:17] OK Berwang -> orte\reutte\berwang.png
[05:18:17] [211/285] Reutte (Außerfern) / Biberwier
[05:18:34] OK Biberwier -> orte\reutte\biberwier.png
[05:18:34] [212/285] Reutte (Außerfern) / Bichlbach
[05:18:50] OK Bichlbach -> orte\reutte\bichlbach.png
[05:18:50] [213/285] Reutte (Außerfern) / Breitenwang
[05:19:07] OK Breitenwang -> orte\reutte\breitenwang.png
[05:19:07] [214/285] Reutte (Außerfern) / Ehenbichl
[05:19:23] OK Ehenbichl -> orte\reutte\ehenbichl.png
[05:19:23] [215/285] Reutte (Außerfern) / Ehrwald
[05:19:42] OK Ehrwald -> orte\reutte\ehrwald.png
[05:19:42] [216/285] Reutte (Außerfern) / Elbigenalp
[05:19:56] OK Elbigenalp -> orte\reutte\elbigenalp.png
[05:19:56] [217/285] Reutte (Außerfern) / Elmen
[05:20:11] OK Elmen -> orte\reutte\elmen.png
[05:20:11] [218/285] Reutte (Außerfern) / Forchach
[05:20:27] OK Forchach -> orte\reutte\forchach.png
[05:20:27] [219/285] Reutte (Außerfern) / Grän
[05:20:43] OK Grän -> orte\reutte\grän.png
[05:20:43] [220/285] Reutte (Außerfern) / Gramais
[05:20:59] OK Gramais -> orte\reutte\gramais.png
[05:20:59] [221/285] Reutte (Außerfern) / Häselgehr
[05:21:13] OK Häselgehr -> orte\reutte\häselgehr.png
[05:21:13] [222/285] Reutte (Außerfern) / Heiterwang
[05:21:26] OK Heiterwang -> orte\reutte\heiterwang.png
[05:21:26] [223/285] Reutte (Außerfern) / Hinterhornbach
[05:21:42] OK Hinterhornbach -> orte\reutte\hinterhornbach.png
[05:21:42] [224/285] Reutte (Außerfern) / Höfen
[05:21:57] OK Höfen -> orte\reutte\höfen.png
[05:21:57] [225/285] Reutte (Außerfern) / Holzgau
[05:22:12] OK Holzgau -> orte\reutte\holzgau.png
[05:22:12] [226/285] Reutte (Außerfern) / Jungholz
[05:22:27] OK Jungholz -> orte\reutte\jungholz.png
[05:22:27] [227/285] Reutte (Außerfern) / Kaisers
[05:22:44] OK Kaisers -> orte\reutte\kaisers.png
[05:22:44] [228/285] Reutte (Außerfern) / Lechaschau
[05:22:59] OK Lechaschau -> orte\reutte\lechaschau.png
[05:22:59] [229/285] Reutte (Außerfern) / Lermoos
[05:23:15] OK Lermoos -> orte\reutte\lermoos.png
[05:23:15] [230/285] Reutte (Außerfern) / Musau
[05:23:30] OK Musau -> orte\reutte\musau.png
[05:23:30] [231/285] Reutte (Außerfern) / Namlos
[05:23:45] OK Namlos -> orte\reutte\namlos.png
[05:23:45] [232/285] Reutte (Außerfern) / Nesselwängle
[05:23:58] OK Nesselwängle -> orte\reutte\nesselwängle.png
[05:23:58] [233/285] Reutte (Außerfern) / Pfafflar
[05:24:12] OK Pfafflar -> orte\reutte\pfafflar.png
[05:24:12] [234/285] Reutte (Außerfern) / Pflach
[05:24:27] OK Pflach -> orte\reutte\pflach.png
[05:24:27] [235/285] Reutte (Außerfern) / Pinswang
[05:24:42] OK Pinswang -> orte\reutte\pinswang.png
[05:24:42] [236/285] Reutte (Außerfern) / Reutte
[05:24:58] OK Reutte -> orte\reutte\reutte.png
[05:24:58] [237/285] Reutte (Außerfern) / Schattwald
[05:25:14] OK Schattwald -> orte\reutte\schattwald.png
[05:25:14] [238/285] Reutte (Außerfern) / Stanzach
[05:25:31] OK Stanzach -> orte\reutte\stanzach.png
[05:25:31] [239/285] Reutte (Außerfern) / Steeg
[05:25:47] OK Steeg -> orte\reutte\steeg.png
[05:25:47] [240/285] Reutte (Außerfern) / Tannheim
[05:26:03] OK Tannheim -> orte\reutte\tannheim.png
[05:26:03] [241/285] Reutte (Außerfern) / Vils
[05:26:15] OK Vils -> orte\reutte\vils.png
[05:26:15] [242/285] Reutte (Außerfern) / Vorderhornbach
[05:26:28] OK Vorderhornbach -> orte\reutte\vorderhornbach.png
[05:26:28] [243/285] Reutte (Außerfern) / Wängle
[05:26:45] OK Wängle -> orte\reutte\wängle.png
[05:26:45] [244/285] Reutte (Außerfern) / Weißenbach am Lech
[05:26:59] OK Weißenbach am Lech -> orte\reutte\weißenbach_am_lech.png
[05:26:59] [245/285] Reutte (Außerfern) / Zöblen
[05:27:15] OK Zöblen -> orte\reutte\zöblen.png
[05:27:15] [246/285] Schwaz / Schwaz
[05:27:30] OK Schwaz -> bezirke\schwaz.png
[05:27:30] [247/285] Schwaz / Achenkirch
[05:27:44] OK Achenkirch -> orte\schwaz\achenkirch.png
[05:27:44] [248/285] Schwaz / Aschau im Zillertal
[05:27:58] OK Aschau im Zillertal -> orte\schwaz\aschau_im_zillertal.png
[05:27:58] [249/285] Schwaz / Brandberg
[05:28:14] OK Brandberg -> orte\schwaz\brandberg.png
[05:28:14] [250/285] Schwaz / Bruck am Ziller
[05:28:30] OK Bruck am Ziller -> orte\schwaz\bruck_am_ziller.png
[05:28:30] [251/285] Schwaz / Buch in Tirol
[05:28:45] OK Buch in Tirol -> orte\schwaz\buch_in_tirol.png
[05:28:45] [252/285] Schwaz / Eben am Achensee
[05:29:00] OK Eben am Achensee -> orte\schwaz\eben_am_achensee.png
[05:29:00] [253/285] Schwaz / Finkenberg
[05:29:16] OK Finkenberg -> orte\schwaz\finkenberg.png
[05:29:16] [254/285] Schwaz / Fügen
[05:29:33] OK Fügen -> orte\schwaz\fügen.png
[05:29:33] [255/285] Schwaz / Fügenberg
[05:29:50] OK Fügenberg -> orte\schwaz\fügenberg.png
[05:29:50] [256/285] Schwaz / Gallzein
[05:30:07] OK Gallzein -> orte\schwaz\gallzein.png
[05:30:07] [257/285] Schwaz / Gerlos
[05:30:24] OK Gerlos -> orte\schwaz\gerlos.png
[05:30:24] [258/285] Schwaz / Gerlosberg
[05:30:42] OK Gerlosberg -> orte\schwaz\gerlosberg.png
[05:30:42] [259/285] Schwaz / Hainzenberg
[05:31:01] OK Hainzenberg -> orte\schwaz\hainzenberg.png
[05:31:01] [260/285] Schwaz / Hart im Zillertal
[05:31:17] OK Hart im Zillertal -> orte\schwaz\hart_im_zillertal.png
[05:31:17] [261/285] Schwaz / Hippach
[05:31:32] OK Hippach -> orte\schwaz\hippach.png
[05:31:32] [262/285] Schwaz / Jenbach
[05:31:47] OK Jenbach -> orte\schwaz\jenbach.png
[05:31:47] [263/285] Schwaz / Kaltenbach
[05:32:06] OK Kaltenbach -> orte\schwaz\kaltenbach.png
[05:32:06] [264/285] Schwaz / Mayrhofen
[05:32:22] OK Mayrhofen -> orte\schwaz\mayrhofen.png
[05:32:22] [265/285] Schwaz / Pill
[05:32:38] OK Pill -> orte\schwaz\pill.png
[05:32:38] [266/285] Schwaz / Ramsau im Zillertal
[05:32:54] OK Ramsau im Zillertal -> orte\schwaz\ramsau_im_zillertal.png
[05:32:54] [267/285] Schwaz / Ried im Zillertal
[05:33:04] OK Ried im Zillertal -> orte\schwaz\ried_im_zillertal.png
[05:33:04] [268/285] Schwaz / Rohrberg
[05:33:20] OK Rohrberg -> orte\schwaz\rohrberg.png
[05:33:20] [269/285] Schwaz / Schlitters
[05:33:35] OK Schlitters -> orte\schwaz\schlitters.png
[05:33:35] [270/285] Schwaz / Schwaz
[05:33:51] OK Schwaz -> orte\schwaz\schwaz.png
[05:33:51] [271/285] Schwaz / Schwendau
[05:34:06] OK Schwendau -> orte\schwaz\schwendau.png
[05:34:06] [272/285] Schwaz / Stans
[05:34:24] OK Stans -> orte\schwaz\stans.png
[05:34:24] [273/285] Schwaz / Steinberg am Rofan
[05:34:40] OK Steinberg am Rofan -> orte\schwaz\steinberg_am_rofan.png
[05:34:40] [274/285] Schwaz / Strass im Zillertal
[05:34:55] OK Strass im Zillertal -> orte\schwaz\strass_im_zillertal.png
[05:34:55] [275/285] Schwaz / Stumm
[05:35:09] OK Stumm -> orte\schwaz\stumm.png
[05:35:09] [276/285] Schwaz / Stummerberg
[05:35:22] OK Stummerberg -> orte\schwaz\stummerberg.png
[05:35:22] [277/285] Schwaz / Terfens
[05:35:39] OK Terfens -> orte\schwaz\terfens.png
[05:35:39] [278/285] Schwaz / Tux
[05:35:54] OK Tux -> orte\schwaz\tux.png
[05:35:54] [279/285] Schwaz / Uderns
[05:36:10] OK Uderns -> orte\schwaz\uderns.png
[05:36:10] [280/285] Schwaz / Vomp
[05:36:26] OK Vomp -> orte\schwaz\vomp.png
[05:36:26] [281/285] Schwaz / Weer
[05:36:43] OK Weer -> orte\schwaz\weer.png
[05:36:43] [282/285] Schwaz / Weerberg
[05:37:02] OK Weerberg -> orte\schwaz\weerberg.png
[05:37:02] [283/285] Schwaz / Wiesing
[05:37:20] fail Wiesing attempt=1: [Errno 28] No space left on device
[05:37:42] OK Wiesing -> orte\schwaz\wiesing.png
[05:37:42] [284/285] Schwaz / Zell am Ziller
[05:38:00] OK Zell am Ziller -> orte\schwaz\zell_am_ziller.png
[05:38:00] [285/285] Schwaz / Zellberg
[05:38:15] OK Zellberg -> orte\schwaz\zellberg.png
[05:38:15] done generated=285/285
