=== Batch started: unterkuenfte at 16:08:46 ===

============================================================
📂 Processing unterkuenfte
============================================================
  872 entries need <5 sentences (of 1111 total)

  Batch 1/291: Apartbauernhof Valrunzhof(), Apartement Tiroler Haus(), Aparthotel Andreas Hofer(Kufstein)
    ✅ Apartbauernhof Valrunzhof: 7 Sätze
    ✅ Apartement Tiroler Haus: 7 Sätze
    ✅ Aparthotel Andreas Hofer: 7 Sätze

  Batch 2/291: Aparthotel Bergland(Söll), Aparthotel Buchauer.Tirol(Thiersee), Aparthotel Schindlhaus()
    ✅ Aparthotel Bergland: 6 Sätze
    ✅ Aparthotel Buchauer.Tirol: 7 Sätze
    ✅ Aparthotel Schindlhaus: 6 Sätze

  Batch 3/291: Aparthotel Sonnleitn(), Apartmenets Goldberger(Söll), Apartment Laura Lorenz(Galtür)
    ✅ Aparthotel Sonnleitn: 7 Sätze
    ❌ Apartmenets Goldberger: Leer/zu kurz
    ❌ Apartment Laura Lorenz: Leer/zu kurz

  Batch 4/291: Apartment Sonnbichl(Söll), Apartmenthaus Marina(), Apartments Stubai()
    ✅ Apartment Sonnbichl: 7 Sätze
    ✅ Apartmenthaus Marina: 7 Sätze
    ✅ Apartments Stubai: 7 Sätze

  Batch 5/291: Appartement Ederegger(Ebbs), Appartement Geisshornblick(Tannheim), Appartement Schöpf(Sölden)
    ❌ Appartement Ederegger: Leer/zu kurz
    ❌ Appartement Geisshornblick: Leer/zu kurz
    ❌ Appartement Schöpf: Leer/zu kurz

  Batch 6/291: Appartement Seeberger(Strengen), Appartementhaus Wildauer(Ebbs), Appartements Alpenkristall(Söll)
    ✅ Appartement Seeberger: 6 Sätze
    ✅ Appartementhaus Wildauer: 6 Sätze
    ✅ Appartements Alpenkristall: 6 Sätze

  Batch 7/291: Appartements Obwaller(Söll), Appartment Kalkus(), Appartment Oberberg()
    ✅ Appartements Obwaller: 7 Sätze
    ✅ Appartment Kalkus: 7 Sätze
    ✅ Appartment Oberberg: 7 Sätze

  Batch 8/291: Appartments Panorama(), Area 47 Lodges(), Arlberghöhe(Sankt Anton am Arlberg)
    ✅ Appartments Panorama: 6 Sätze
    ✅ Area 47 Lodges: 7 Sätze
    ✅ Arlberghöhe: 7 Sätze

  Batch 9/291: Ausfernerland Ferienwohnungen(Bach), B&B Hotel zur Schanz(Ebbs), b(l)ackhome Boutique()
    ✅ Ausfernerland Ferienwohnungen: 6 Sätze
    ✅ B&B Hotel zur Schanz: 7 Sätze
    ✅ b(l)ackhome Boutique: 6 Sätze

  Batch 10/291: Badhaus(Söll), Bairlasshof(), Bärnstatt(Scheffau am Wilden Kaiser)
    ✅ Badhaus: 7 Sätze
    ✅ Bairlasshof: 7 Sätze
    ✅ Bärnstatt: 7 Sätze

  Batch 11/291: Basic Hotel(Innsbruck), Bauernhof Angererhof(Bad Häring), Bauernhof Bichlhof(Ebbs)
    ✅ Basic Hotel: 6 Sätze
    ✅ Bauernhof Angererhof: 7 Sätze
    ✅ Bauernhof Bichlhof: 7 Sätze

  Batch 12/291: Bauernhof Dallnhof(Bad Häring), Bauernhof-Ferienwohnung Bichlhof(Thiersee), Bauernhof-Ferienwohnung Endfeldhof(Erl)
    ✅ Bauernhof Dallnhof: 6 Sätze
    ✅ Bauernhof-Ferienwohnung Bichlhof: 6 Sätze
    ✅ Bauernhof-Ferienwohnung Endfeldhof: 6 Sätze

  Batch 13/291: Bauernhof-Ferienwohnung Grasweberhof(Ebbs), Bauernhof-Ferienwohnung Hecherhof(Thiersee), Bauernhof-Ferienwohnung Hörfinghof(Kufstein)
    ✅ Bauernhof-Ferienwohnung Grasweberhof: 8 Sätze
    ✅ Bauernhof-Ferienwohnung Hecherhof: 7 Sätze
    ✅ Bauernhof-Ferienwohnung Hörfinghof: 7 Sätze

  Batch 14/291: Bauernhof-Ferienwohnung Mayrhof(Thiersee), Bauernhof-Ferienwohnung Schiestlhof(Thiersee), Bauernhof-Ferienwohnung Schwoicher Bauer(Kufstein)
    ✅ Bauernhof-Ferienwohnung Mayrhof: 7 Sätze
    ✅ Bauernhof-Ferienwohnung Schiestlhof: 8 Sätze
    ✅ Bauernhof-Ferienwohnung Schwoicher Bauer: 7 Sätze

  Batch 15/291: Bauernhof-Ferienwohnung Ster-Hof(Kufstein), Bauernhof-Ferienwohung Auerhof(Ebbs), Bauernhof-Ferienwohung Grafenhof(Ebbs)
    ✅ Bauernhof-Ferienwohnung Ster-Hof: 6 Sätze
    ✅ Bauernhof-Ferienwohung Auerhof: 6 Sätze
    ✅ Bauernhof-Ferienwohung Grafenhof: 6 Sätze

  Batch 16/291: Bauernhof-Ferienwohung Kaissenhof(Ebbs), Bauernhof-Ferienwohung Malerhäuslhof(Ebbs), Bauernhof-Ferienwohung Neuschwendterhof(Ebbs)
    ❌ Bauernhof-Ferienwohung Kaissenhof: Leer/zu kurz
    ❌ Bauernhof-Ferienwohung Malerhäuslhof: Leer/zu kurz
    ❌ Bauernhof-Ferienwohung Neuschwendterhof: Leer/zu kurz

  Batch 17/291: Bauernhof-Ferienwohung Plafing(Ebbs), Bauernhof-Ferienwohung Riesböckhof(Ebbs), Bauernhof Friedl(Pfafflar)
    ✅ Bauernhof-Ferienwohung Plafing: 7 Sätze
    ✅ Bauernhof-Ferienwohung Riesböckhof: 6 Sätze
    ✅ Bauernhof Friedl: 7 Sätze

  Batch 18/291: Bauernhof Haslingerhof(Ebbs), Bauernhof Hauserhof(Ebbs), Bauernhof Huberbauer & Ferienwohung Kaiserblick(Ebbs)
    ✅ Bauernhof Haslingerhof: 7 Sätze
    ✅ Bauernhof Hauserhof: 7 Sätze
    ✅ Bauernhof Huberbauer & Ferienwohung Kaiserblick: 6 Sätze

  Batch 19/291: Bauernhof Klampererhof(Bad Häring), Bauernhof Kleinwolfingerhof(Ebbs), Bauernhof Lechnerbauer(Ebbs)
    ✅ Bauernhof Klampererhof: 7 Sätze
    ✅ Bauernhof Kleinwolfingerhof: 8 Sätze
    ✅ Bauernhof Lechnerbauer: 8 Sätze

  Batch 20/291: Bauernhof Lieferthof(Bad Häring), Bauernhof Madlerbauer(Ebbs), Bauernhof Maisfeld(Schwoich)
    ✅ Bauernhof Lieferthof: 6 Sätze
    ✅ Bauernhof Madlerbauer: 7 Sätze
    ✅ Bauernhof Maisfeld: 7 Sätze

  Batch 21/291: Bauernhof Pixerhof(Bad Häring), Bauernhof Stöckl(Kufstein), Bauernhof Untergrilling(Ebbs)
    ✅ Bauernhof Pixerhof: 7 Sätze
    ✅ Bauernhof Stöckl: 7 Sätze
    ✅ Bauernhof Untergrilling: 7 Sätze

  Batch 22/291: Bauernhof Wimmerhof(Ebbs), Bauernhof Winklerhof(Ebbs), Beim Dresch(Erl)
    ✅ Bauernhof Wimmerhof: 6 Sätze
    ✅ Bauernhof Winklerhof: 7 Sätze
    ✅ Beim Dresch: 7 Sätze

  Batch 23/291: Bellevue(Neustift im Stubaital), Bellevue(), Bellevue(Nauders)
    ✅ Bellevue: 6 Sätze
    ✅ Bellevue: 6 Sätze
    ✅ Bellevue: 6 Sätze

  Batch 24/291: Belmonte Tirol(Sillian), Berggasthaus Hermine(Zams), Berggasthaus Stimmlach(Westendorf)
    ✅ Belmonte Tirol: 7 Sätze
    ✅ Berggasthaus Hermine: 7 Sätze
    ✅ Berggasthaus Stimmlach: 8 Sätze

  Batch 25/291: Berggasthof Bavaria(), Berggasthof Hinterduxerhof(Kufstein), Berggasthof Kölnberg(Ebbs)
    ✅ Berggasthof Bavaria: 6 Sätze
    ✅ Berggasthof Hinterduxerhof: 7 Sätze
    ✅ Berggasthof Kölnberg: 7 Sätze

  Batch 26/291: Berggasthof Moosbauer(Erl), Bergheimat(Pfafflar), Berghof(Neustift im Stubaital)
    ✅ Berggasthof Moosbauer: 7 Sätze
    ✅ Bergheimat: 7 Sätze
    ✅ Berghof: 7 Sätze

  Batch 27/291: Berghotel Bodenalpe(), Bergjuwel(Neustift im Stubaital), Bergland()
    ✅ Berghotel Bodenalpe: 7 Sätze
    ✅ Bergjuwel: 7 Sätze
    ✅ Bergland: 7 Sätze

  Batch 28/291: Bergland(Ellmau), Bernauerhof(), Berndlerhof(Langkampfen)
    ✅ Bergland: 5 Sätze
    ✅ Bernauerhof: 5 Sätze
    ✅ Berndlerhof: 5 Sätze

  Batch 29/291: Best Western Plus Hotel Alpenrose(Kufstein), Bilgeri Camping(), Bilgeri Irma(Nesselwängle)
    ⚠️ Best Western Plus Hotel Alpenrose: Nur 2 Sätze
    ❌ Bilgeri Camping: Leer/zu kurz
    ❌ Bilgeri Irma: Leer/zu kurz

  Batch 30/291: Bio Landhaus Seethaler(Thiersee), Biwak(), Biwakplatz()
    ✅ Bio Landhaus Seethaler: 7 Sätze
    ✅ Biwak: 7 Sätze
    ✅ Biwakplatz: 7 Sätze

  Batch 31/291: Blattlbauer(Going am Wilden Kaiser), Bocking(), Breitenhof(Thiersee)
    ✅ Blattlbauer: 7 Sätze
    ✅ Bocking: 7 Sätze
    ✅ Breitenhof: 8 Sätze

  Batch 32/291: Bretterhof(), Brückenwirt Appartements(Heinfels), Bruggerhof(Kitzbühel)
    ✅ Bretterhof: 7 Sätze
    ✅ Brückenwirt Appartements: 7 Sätze
    ✅ Bruggerhof: 7 Sätze

  Batch 33/291: Brunnenhof(Neustift im Stubaital), Burghotel Alpenglühn(Obergurgl), C+M+B Glaubenshotel()
    ✅ Brunnenhof: 6 Sätze
    ✅ Burghotel Alpenglühn: 6 Sätze
    ✅ C+M+B Glaubenshotel: 7 Sätze

  Batch 34/291: Cafe Bettina(Ellmau), Café Pension Marliesenhof(), Cafe Ritterhof(Ellmau)
    ✅ Cafe Bettina: 5 Sätze
    ✅ Café Pension Marliesenhof: 6 Sätze
    ✅ Cafe Ritterhof: 6 Sätze

  Batch 35/291: Café Treff(Scheffau am Wilden Kaiser), Camping am Badsee(Isny im Allgäu), Camping am Moserhof(Samerberg)
    ✅ Café Treff: 6 Sätze
    ✅ Camping am Badsee: 7 Sätze
    ✅ Camping am Moserhof: 8 Sätze

  Batch 36/291: Camping am See International(Buxheim), Camping Ambach am See(), Camping Austria()
    ✅ Camping am See International: 6 Sätze
    ✅ Camping Ambach am See: 7 Sätze
    ✅ Camping Austria: 7 Sätze

  Batch 37/291: Camping beim Fischer(Münsing), Camping Bergkristall(Prägraten), Camping Biberhof(Biberwier)
    ✅ Camping beim Fischer: 6 Sätze
    ✅ Camping Bergkristall: 7 Sätze
    ✅ Camping Biberhof: 7 Sätze

  Batch 38/291: Camping Brugger am Riegsee(Murnau am Staffelsee), Camping Dreiländereck(Ried im Oberinntal), Camping Edelweiss(Neustift im Stubaital)
    ✅ Camping Brugger am Riegsee: 6 Sätze
    ✅ Camping Dreiländereck: 6 Sätze
    ✅ Camping Edelweiss: 7 Sätze

  Batch 39/291: Camping Erlebnis Zugspitze(Garmisch-Partenkirchen), Camping "Ferienpark Hainz am See"(Petting), Camping Franzlhof(Söll)
    ✅ Camping Erlebnis Zugspitze: 7 Sätze
    ✅ Camping "Ferienpark Hainz am See": 7 Sätze
    ✅ Camping Franzlhof: 7 Sätze

  Batch 40/291: Camping Grubhof(St. Martin bei Lofer), Camping Guggemos(Füssen), Camping Heiterwanger See Fischer am See(Heiterwang)
    ✅ Camping Grubhof: 7 Sätze
    ✅ Camping Guggemos: 7 Sätze
    ✅ Camping Heiterwanger See Fischer am See: 6 Sätze

  Batch 41/291: Camping Hochzillertal(Kaltenbach), Camping Hopfensee(Füssen), Camping Inntal(Wiesing)
    ✅ Camping Hochzillertal: 7 Sätze
    ✅ Camping Hopfensee: 7 Sätze
    ✅ Camping Inntal: 7 Sätze

  Batch 42/291: Camping Insel Buchau am Staffelsee(), Camping Jochum(), Camping Jungholz(Jungholz)
    ✅ Camping Insel Buchau am Staffelsee: 7 Sätze
    ✅ Camping Jochum: 7 Sätze
    ✅ Camping Jungholz: 8 Sätze

  Batch 43/291: Camping Lermoos(Lermoos), Camping Lindlbauer(Inzell), Camping Maria()
    ✅ Camping Lermoos: 7 Sätze
    ✅ Camping Lindlbauer: 8 Sätze
    ✅ Camping Maria: 8 Sätze

  Batch 44/291: Camping Maurerhäusl(Hochfilzen), Camping Mayrhofen(Mayrhofen), Camping Moorbad Riedle()
    ✅ Camping Maurerhäusl: 7 Sätze
    ✅ Camping Mayrhofen: 7 Sätze
    ✅ Camping Moorbad Riedle: 7 Sätze

  Batch 45/291: Camping Mühlleiten(Schönau am Königssee), Camping Natterersee(Natters), Camping Naturweiher Moorbad()
    ✅ Camping Mühlleiten: 6 Sätze
    ✅ Camping Natterersee: 6 Sätze
    ✅ Camping Naturweiher Moorbad: 6 Sätze

  Batch 46/291: Camping Oberstdorf(Oberstdorf), Camping Ottobeuren(Ottobeuren), Camping Ötztal Längenfeld(Längenfeld)
    ✅ Camping Oberstdorf: 6 Sätze
    ✅ Camping Ottobeuren: 7 Sätze
    ✅ Camping Ötztal Längenfeld: 7 Sätze

  Batch 47/291: Camping Resort Zugspitze(), Camping Rossbach(Nassereith), Camping Schlossberg Itter(Itter)
    ✅ Camping Resort Zugspitze: 5 Sätze
    ✅ Camping Rossbach: 5 Sätze
    ✅ Camping Schlossberg Itter: 6 Sätze

  Batch 48/291: Camping Sebastian Huber(Söchtenau), Camping Seeblick Toni(Kramsach), Camping Seehof(Kramsach)
    ✅ Camping Sebastian Huber: 6 Sätze
    ✅ Camping Seeblick Toni: 6 Sätze
    ✅ Camping Seehof: 6 Sätze

  Batch 49/291: Camping Seemühle(Kössen), Camping Seespitz Walchsee(Walchsee), Camping Stein(Bad Endorf)
    ✅ Camping Seemühle: 6 Sätze
    ✅ Camping Seespitz Walchsee: 6 Sätze
    ✅ Camping Stein: 7 Sätze

  Batch 50/291: Camping Steinplatte(Waidring), Camping Stubai(Neustift im Stubaital), Camping Sunnawirt(Heiterwang)
    ✅ Camping Maurerhäusl: 7 Sätze
    ✅ Camping Mayrhofen: 7 Sätze
    ✅ Camping Moorbad Riedle: 8 Sätze

  Batch 52/298: Camping Mühlleiten(Schönau am Königssee), Camping Natterersee(Natters), Camping Naturweiher Moorbad()
    ✅ Camping Mühlleiten: 8 Sätze
    ✅ Camping Natterersee: 7 Sätze
    ✅ Camping Naturweiher Moorbad: 8 Sätze

  Batch 53/298: Camping Oberstdorf(Oberstdorf), Camping Ottobeuren(Ottobeuren), Camping Ötztal Längenfeld(Längenfeld)
    ✅ Camping Oberstdorf: 7 Sätze
    ✅ Camping Ottobeuren: 7 Sätze
    ✅ Camping Ötztal Längenfeld: 8 Sätze

  Batch 54/298: Camping Resort Zugspitze(), Camping Rossbach(Nassereith), Camping Schlossberg Itter(Itter)
    ✅ Camping Resort Zugspitze: 7 Sätze
    ✅ Camping Rossbach: 7 Sätze
    ✅ Camping Schlossberg Itter: 7 Sätze

  Batch 55/298: Camping Sebastian Huber(Söchtenau), Camping Seeblick Toni(Kramsach), Camping Seehof(Kramsach)
    ✅ Camping Sebastian Huber: 6 Sätze
    ✅ Camping Seeblick Toni: 6 Sätze
    ✅ Camping Seehof: 6 Sätze

  Batch 56/298: Camping Seemühle(Kössen), Camping Seespitz Walchsee(Walchsee), Camping Stein(Bad Endorf)
    ✅ Camping Seemühle: 7 Sätze
    ✅ Camping Seespitz Walchsee: 7 Sätze
    ✅ Camping Stein: 7 Sätze

  Batch 57/298: Camping Steinplatte(Waidring), Camping Stubai(Neustift im Stubaital), Camping Sunnawirt(Heiterwang)
    ❌ Camping Steinplatte: Leer/zu kurz
    ❌ Camping Stubai: Leer/zu kurz
    ❌ Camping Sunnawirt: Leer/zu kurz

  Batch 58/298: Camping Viktoria(Wald im Pinzgau), Camping Walchensee(Walchensee), Camping Wertacher Hof(Oy-Mittelberg)
    ✅ Camping Viktoria: 6 Sätze
    ✅ Camping Walchensee: 6 Sätze
    ✅ Camping Wertacher Hof: 7 Sätze

  Batch 59/298: Camping/Wohnmobilstellplatz Hotel Krimmlerfälle(), Camping Wohnmobilstellplatz Plankenhof(Pill), Camping zur Mühle()
    ✅ Camping/Wohnmobilstellplatz Hotel Krimmlerfälle: 6 Sätze
    ✅ Camping Wohnmobilstellplatz Plankenhof: 6 Sätze
    ✅ Camping zur Mühle: 6 Sätze

  Batch 60/298: Campingdorf Hofer(Zell am Ziller), Campingpark Oberammergau(Oberammergau), Campingplatz Alpenwelt Tannheimer Tal(Tannheim)
